Archive member included to satisfy reference by file (symbol)

c:/vsarm/armcc/102021~1.10/bin/../lib/gcc/arm-none-eabi/10.3.1/../../../../arm-none-eabi/lib/thumb/v6-m/nofp\libstdc++.a(functexcept.o)
                              CMakeFiles/main.dir/main.cpp.obj (std::__throw_length_error(char const*))
c:/vsarm/armcc/102021~1.10/bin/../lib/gcc/arm-none-eabi/10.3.1/../../../../arm-none-eabi/lib/thumb/v6-m/nofp\libstdc++.a(snprintf_lite.o)
                              c:/vsarm/armcc/102021~1.10/bin/../lib/gcc/arm-none-eabi/10.3.1/../../../../arm-none-eabi/lib/thumb/v6-m/nofp\libstdc++.a(functexcept.o) (__gnu_cxx::__snprintf_lite(char*, unsigned int, char const*, std::__va_list))
c:/vsarm/armcc/102021~1.10/bin/../lib/gcc/arm-none-eabi/10.3.1/../../../../arm-none-eabi/lib/thumb/v6-m/nofp\libstdc++.a(bad_alloc.o)
                              c:/vsarm/armcc/102021~1.10/bin/../lib/gcc/arm-none-eabi/10.3.1/../../../../arm-none-eabi/lib/thumb/v6-m/nofp\libstdc++.a(functexcept.o) (std::bad_alloc::~bad_alloc())
c:/vsarm/armcc/102021~1.10/bin/../lib/gcc/arm-none-eabi/10.3.1/../../../../arm-none-eabi/lib/thumb/v6-m/nofp\libstdc++.a(bad_cast.o)
                              c:/vsarm/armcc/102021~1.10/bin/../lib/gcc/arm-none-eabi/10.3.1/../../../../arm-none-eabi/lib/thumb/v6-m/nofp\libstdc++.a(functexcept.o) (std::bad_cast::~bad_cast())
c:/vsarm/armcc/102021~1.10/bin/../lib/gcc/arm-none-eabi/10.3.1/../../../../arm-none-eabi/lib/thumb/v6-m/nofp\libstdc++.a(bad_typeid.o)
                              c:/vsarm/armcc/102021~1.10/bin/../lib/gcc/arm-none-eabi/10.3.1/../../../../arm-none-eabi/lib/thumb/v6-m/nofp\libstdc++.a(functexcept.o) (std::bad_typeid::~bad_typeid())
c:/vsarm/armcc/102021~1.10/bin/../lib/gcc/arm-none-eabi/10.3.1/../../../../arm-none-eabi/lib/thumb/v6-m/nofp\libstdc++.a(eh_alloc.o)
                              c:/vsarm/armcc/102021~1.10/bin/../lib/gcc/arm-none-eabi/10.3.1/../../../../arm-none-eabi/lib/thumb/v6-m/nofp\libstdc++.a(functexcept.o) (__cxa_allocate_exception)
c:/vsarm/armcc/102021~1.10/bin/../lib/gcc/arm-none-eabi/10.3.1/../../../../arm-none-eabi/lib/thumb/v6-m/nofp\libstdc++.a(eh_arm.o)
                              c:/vsarm/armcc/102021~1.10/bin/../lib/gcc/arm-none-eabi/10.3.1/../../../../arm-none-eabi/lib/thumb/v6-m/nofp\libstdc++.a(functexcept.o) (__cxa_end_cleanup)
c:/vsarm/armcc/102021~1.10/bin/../lib/gcc/arm-none-eabi/10.3.1/../../../../arm-none-eabi/lib/thumb/v6-m/nofp\libstdc++.a(eh_exception.o)
                              c:/vsarm/armcc/102021~1.10/bin/../lib/gcc/arm-none-eabi/10.3.1/../../../../arm-none-eabi/lib/thumb/v6-m/nofp\libstdc++.a(bad_alloc.o) (std::exception::~exception())
c:/vsarm/armcc/102021~1.10/bin/../lib/gcc/arm-none-eabi/10.3.1/../../../../arm-none-eabi/lib/thumb/v6-m/nofp\libstdc++.a(eh_globals.o)
                              c:/vsarm/armcc/102021~1.10/bin/../lib/gcc/arm-none-eabi/10.3.1/../../../../arm-none-eabi/lib/thumb/v6-m/nofp\libstdc++.a(eh_arm.o) (__cxa_get_globals)
c:/vsarm/armcc/102021~1.10/bin/../lib/gcc/arm-none-eabi/10.3.1/../../../../arm-none-eabi/lib/thumb/v6-m/nofp\libstdc++.a(eh_personality.o)
                              c:/vsarm/armcc/102021~1.10/bin/../lib/gcc/arm-none-eabi/10.3.1/../../../../arm-none-eabi/lib/thumb/v6-m/nofp\libstdc++.a(functexcept.o) (__gxx_personality_v0)
c:/vsarm/armcc/102021~1.10/bin/../lib/gcc/arm-none-eabi/10.3.1/../../../../arm-none-eabi/lib/thumb/v6-m/nofp\libstdc++.a(eh_terminate.o)
                              c:/vsarm/armcc/102021~1.10/bin/../lib/gcc/arm-none-eabi/10.3.1/../../../../arm-none-eabi/lib/thumb/v6-m/nofp\libstdc++.a(eh_alloc.o) (std::terminate())
c:/vsarm/armcc/102021~1.10/bin/../lib/gcc/arm-none-eabi/10.3.1/../../../../arm-none-eabi/lib/thumb/v6-m/nofp\libstdc++.a(eh_throw.o)
                              c:/vsarm/armcc/102021~1.10/bin/../lib/gcc/arm-none-eabi/10.3.1/../../../../arm-none-eabi/lib/thumb/v6-m/nofp\libstdc++.a(functexcept.o) (__cxa_throw)
c:/vsarm/armcc/102021~1.10/bin/../lib/gcc/arm-none-eabi/10.3.1/../../../../arm-none-eabi/lib/thumb/v6-m/nofp\libstdc++.a(eh_unex_handler.o)
                              c:/vsarm/armcc/102021~1.10/bin/../lib/gcc/arm-none-eabi/10.3.1/../../../../arm-none-eabi/lib/thumb/v6-m/nofp\libstdc++.a(eh_terminate.o) (__cxxabiv1::__unexpected_handler)
c:/vsarm/armcc/102021~1.10/bin/../lib/gcc/arm-none-eabi/10.3.1/../../../../arm-none-eabi/lib/thumb/v6-m/nofp\libstdc++.a(pure.o)
                              c:/vsarm/armcc/102021~1.10/bin/../lib/gcc/arm-none-eabi/10.3.1/../../../../arm-none-eabi/lib/thumb/v6-m/nofp\libstdc++.a(eh_exception.o) (__cxa_pure_virtual)
c:/vsarm/armcc/102021~1.10/bin/../lib/gcc/arm-none-eabi/10.3.1/../../../../arm-none-eabi/lib/thumb/v6-m/nofp\libstdc++.a(si_class_type_info.o)
                              c:/vsarm/armcc/102021~1.10/bin/../lib/gcc/arm-none-eabi/10.3.1/../../../../arm-none-eabi/lib/thumb/v6-m/nofp\libstdc++.a(bad_alloc.o) (vtable for __cxxabiv1::__si_class_type_info)
[...]
Memory Configuration

Name             Origin             Length             Attributes
FLASH            0x10000000         0x00200000         xr
RAM              0x20000000         0x00040000         xrw
SCRATCH_X        0x20040000         0x00001000         xrw
SCRATCH_Y        0x20041000         0x00001000         xrw
*default*        0x00000000         0xffffffff

Linker script and memory map

LOAD c:/vsarm/armcc/102021~1.10/bin/../lib/gcc/arm-none-eabi/10.3.1/thumb/v6-m/nofp/crti.o
LOAD c:/vsarm/armcc/102021~1.10/bin/../lib/gcc/arm-none-eabi/10.3.1/thumb/v6-m/nofp/crtbegin.o
LOAD c:/vsarm/armcc/102021~1.10/bin/../lib/gcc/arm-none-eabi/10.3.1/../../../../arm-none-eabi/lib/thumb/v6-m/nofp/crt0.o

.flash_begin    0x10000000        0x0
                0x10000000                __flash_binary_start = .

.boot2          0x10000000      0x100
                0x10000000                __boot2_start__ = .
 *(.boot2)
 .boot2         0x10000000      0x100 C:\Users\Pixel\AppData\Local\Temp\cck8r6Fp.o
                0x10000100                __boot2_end__ = .
                0x00000001                ASSERT (((__boot2_end__ - __boot2_start__) == 0x100), ERROR: Pico second stage bootloader must be 256 bytes in size)

.text           0x10000100     0xf130
                0x10000100                __logical_binary_start = .
 *(.vectors)
 .vectors       0x10000100       0xd4 CMakeFiles/main.dir/pico-sdk/src/rp2_common/pico_standard_link/crt0.S.obj
                0x10000100                __VECTOR_TABLE
                0x10000100                __vectors
                0x100001c0                isr_invalid
                0x100001c0                __default_isrs_start
                0x100001c2                isr_nmi
                0x100001c4                isr_hardfault
                0x100001c6                isr_svcall
                0x100001c8                isr_pendsv
                0x100001ca                isr_systick
                0x100001cc                isr_irq23
                0x100001cc                isr_irq18
                0x100001cc                isr_irq11
                0x100001cc                isr_irq28
                0x100001cc                isr_irq19
                0x100001cc                isr_irq0
                0x100001cc                isr_irq6
                0x100001cc                isr_irq5
                0x100001cc                isr_irq12
                0x100001cc                isr_irq22
                0x100001cc                isr_irq31
                0x100001cc                isr_irq17
                0x100001cc                isr_irq27
                0x100001cc                isr_irq30
                0x100001cc                isr_irq2
                0x100001cc                isr_irq10
                0x100001cc                isr_irq8
                0x100001cc                isr_irq24
                0x100001cc                isr_irq1
                0x100001cc                isr_irq7
                0x100001cc                isr_irq21
                0x100001cc                isr_irq20
                0x100001cc                isr_irq15
                0x100001cc                isr_irq25
                0x100001cc                isr_irq13
                0x100001cc                __unhandled_user_irq
                0x100001cc                isr_irq4
                0x100001cc                isr_irq16
                0x100001cc                isr_irq29
                0x100001cc                isr_irq26
                0x100001cc                __default_isrs_end
                0x100001cc                isr_irq3
                0x100001cc                isr_irq14
                0x100001cc                isr_irq9
                0x100001d2                unhandled_user_irq_num_in_r0
 *(.binary_info_header)
 .binary_info_header
                0x100001d4       0x14 CMakeFiles/main.dir/pico-sdk/src/rp2_common/pico_standard_link/crt0.S.obj
                0x100001e8                __binary_info_header_end = .
 *(.reset)
 .reset         0x100001e8       0xa0 CMakeFiles/main.dir/pico-sdk/src/rp2_common/pico_standard_link/crt0.S.obj
                0x100001e8                _entry_point
 .reset         0x10000288       0x30 CMakeFiles/main.dir/pico-sdk/src/rp2_common/pico_standard_link/binary_info.c.obj
 *(.init)
 .init          0x100002b8        0x4 c:/vsarm/armcc/102021~1.10/bin/../lib/gcc/arm-none-eabi/10.3.1/thumb/v6-m/nofp/crti.o
                0x100002b8                _init
 *(EXCLUDE_FILE(*libm.a: *libc.a:*lib_a-mem*.o *libgcc.a:) .text*)
 .text          0x100002bc       0x48 c:/vsarm/armcc/102021~1.10/bin/../lib/gcc/arm-none-eabi/10.3.1/thumb/v6-m/nofp/crtbegin.o
 .text._Z8hid_taskv.part.0
                0x10000304       0xe4 CMakeFiles/main.dir/main.cpp.obj
 .text.tud_mount_cb
                0x100003e8        0x4 CMakeFiles/main.dir/main.cpp.obj
                0x100003e8                tud_mount_cb
 .text.tud_umount_cb
                0x100003ec        0x4 CMakeFiles/main.dir/main.cpp.obj
                0x100003ec                tud_umount_cb
 .text.tud_suspend_cb
                0x100003f0        0x4 CMakeFiles/main.dir/main.cpp.obj
                0x100003f0                tud_suspend_cb
 .text.tud_resume_cb
                0x100003f4        0x4 CMakeFiles/main.dir/main.cpp.obj
                0x100003f4                tud_resume_cb
 .text.tud_hid_report_complete_cb
                0x100003f8       0x74 CMakeFiles/main.dir/main.cpp.obj
                0x100003f8                tud_hid_report_complete_cb
 .text.tud_hid_get_report_cb
                0x1000046c        0x4 CMakeFiles/main.dir/main.cpp.obj
                0x1000046c                tud_hid_get_report_cb
 .text.tud_hid_set_report_cb
                0x10000470       0x2c CMakeFiles/main.dir/main.cpp.obj
                0x10000470                tud_hid_set_report_cb
 .text._ZNSt6vectorI6ButtonSaIS0_EE17_M_realloc_insertIJRKS0_EEEvN9__gnu_cxx17__normal_iteratorIPS0_S2_EEDpOT_
                0x1000049c      0x100 CMakeFiles/main.dir/main.cpp.obj
                0x1000049c                void std::vector<Button, std::allocator<Button> >::_M_realloc_insert<Button const&>(__gnu_cxx::__normal_iterator<Button*, std::vector<Button, std::allocator<Button> > >, Button const&)
 .text._Z12init_buttonsv
                0x1000059c       0xa8 CMakeFiles/main.dir/main.cpp.obj
                0x1000059c                init_buttons()
 .text.startup.main
                0x10000644       0x5c CMakeFiles/main.dir/main.cpp.obj
                0x10000644                main
 .text.startup._GLOBAL__sub_I_fr
                0x100006a0       0x10 CMakeFiles/main.dir/main.cpp.obj
 .text.tud_descriptor_device_cb
                0x100006b0        0x8 CMakeFiles/main.dir/usb_descriptors.c.obj
                0x100006b0                tud_descriptor_device_cb
 .text.tud_hid_descriptor_report_cb
                0x100006b8        0x8 CMakeFiles/main.dir/usb_descriptors.c.obj
                0x100006b8                tud_hid_descriptor_report_cb
 .text.tud_descriptor_configuration_cb
                0x100006c0        0x8 CMakeFiles/main.dir/usb_descriptors.c.obj
                0x100006c0                tud_descriptor_configuration_cb
 .text.tud_descriptor_string_cb
                0x100006c8       0x80 CMakeFiles/main.dir/usb_descriptors.c.obj
                0x100006c8                tud_descriptor_string_cb
 .text.gpio_init
                0x10000748       0x3c CMakeFiles/main.dir/pico-sdk/src/rp2_common/hardware_gpio/gpio.c.obj
                0x10000748                gpio_init
 .text.running_on_fpga
                0x10000784       0x10 CMakeFiles/main.dir/pico-sdk/src/rp2_common/pico_platform/platform.c.obj
                0x10000784                running_on_fpga
 .text.hw_claim_or_assert
                0x10000794       0x44 CMakeFiles/main.dir/pico-sdk/src/rp2_common/hardware_claim/claim.c.obj
                0x10000794                hw_claim_or_assert
 .text.hw_claim_unused_from_range
                0x100007d8       0x9c CMakeFiles/main.dir/pico-sdk/src/rp2_common/hardware_claim/claim.c.obj
                0x100007d8                hw_claim_unused_from_range
 .text.spin_locks_reset
                0x10000874       0x1c CMakeFiles/main.dir/pico-sdk/src/rp2_common/hardware_sync/sync.c.obj
                0x10000874                spin_locks_reset
 .text.next_striped_spin_lock_num
                0x10000890       0x18 CMakeFiles/main.dir/pico-sdk/src/rp2_common/hardware_sync/sync.c.obj
                0x10000890                next_striped_spin_lock_num
 .text.spin_lock_claim_unused
                0x100008a8       0x20 CMakeFiles/main.dir/pico-sdk/src/rp2_common/hardware_sync/sync.c.obj
                0x100008a8                spin_lock_claim_unused
 .text.irq_set_enabled
                0x100008c8       0x24 CMakeFiles/main.dir/pico-sdk/src/rp2_common/hardware_irq/irq.c.obj
                0x100008c8                irq_set_enabled
 .text.irq_get_vtable_handler
                0x100008ec       0x10 CMakeFiles/main.dir/pico-sdk/src/rp2_common/hardware_irq/irq.c.obj
                0x100008ec                irq_get_vtable_handler
 .text.irq_set_exclusive_handler
                0x100008fc       0x54 CMakeFiles/main.dir/pico-sdk/src/rp2_common/hardware_irq/irq.c.obj
                0x100008fc                irq_set_exclusive_handler
 .text.irq_add_shared_handler
                0x10000950      0x1e8 CMakeFiles/main.dir/pico-sdk/src/rp2_common/hardware_irq/irq.c.obj
                0x10000950                irq_add_shared_handler
 .text.irq_remove_handler
                0x10000b38      0x1b0 CMakeFiles/main.dir/pico-sdk/src/rp2_common/hardware_irq/irq.c.obj
                0x10000b38                irq_remove_handler
 .text.irq_add_tail_to_free_list
                0x10000ce8       0xb4 CMakeFiles/main.dir/pico-sdk/src/rp2_common/hardware_irq/irq.c.obj
                0x10000ce8                irq_add_tail_to_free_list
 .text.irq_init_priorities
                0x10000d9c       0x24 CMakeFiles/main.dir/pico-sdk/src/rp2_common/hardware_irq/irq.c.obj
                0x10000d9c                irq_init_priorities
 .text.lock_init
                0x10000dc0       0x10 CMakeFiles/main.dir/pico-sdk/src/common/pico_sync/lock_core.c.obj
                0x10000dc0                lock_init
 .text.mutex_init
                0x10000dd0       0x1c CMakeFiles/main.dir/pico-sdk/src/common/pico_sync/mutex.c.obj
                0x10000dd0                mutex_init
 .text.recursive_mutex_init
                0x10000dec       0x1c CMakeFiles/main.dir/pico-sdk/src/common/pico_sync/mutex.c.obj
                0x10000dec                recursive_mutex_init
 .text.critical_section_init
                0x10000e08       0x20 CMakeFiles/main.dir/pico-sdk/src/common/pico_sync/critical_section.c.obj
                0x10000e08                critical_section_init
 .text.timer_pool_entry_comparator
                0x10000e28       0x34 CMakeFiles/main.dir/pico-sdk/src/common/pico_time/time.c.obj
                0x10000e28                timer_pool_entry_comparator
 .text.sleep_until_callback
                0x10000e5c       0x30 CMakeFiles/main.dir/pico-sdk/src/common/pico_time/time.c.obj
 .text.add_alarm_under_lock.isra.0
                0x10000e8c      0x100 CMakeFiles/main.dir/pico-sdk/src/common/pico_time/time.c.obj
 .text.alarm_pool_alarm_callback
                0x10000f8c      0x1b8 CMakeFiles/main.dir/pico-sdk/src/common/pico_time/time.c.obj
 .text.alarm_pool_init_default
                0x10001144       0x6c CMakeFiles/main.dir/pico-sdk/src/common/pico_time/time.c.obj
                0x10001144                alarm_pool_init_default
 .text.alarm_pool_add_alarm_at
                0x100011b0      0x17c CMakeFiles/main.dir/pico-sdk/src/common/pico_time/time.c.obj
                0x100011b0                alarm_pool_add_alarm_at
 .text.alarm_pool_cancel_alarm
                0x1000132c       0x74 CMakeFiles/main.dir/pico-sdk/src/common/pico_time/time.c.obj
                0x1000132c                alarm_pool_cancel_alarm
 .text.best_effort_wfe_or_timeout
                0x100013a0       0x78 CMakeFiles/main.dir/pico-sdk/src/common/pico_time/time.c.obj
                0x100013a0                best_effort_wfe_or_timeout
 .text.hardware_alarm_irq_handler
                0x10001418       0xbc CMakeFiles/main.dir/pico-sdk/src/rp2_common/hardware_timer/timer.c.obj
 .text.hardware_alarm_claim
                0x100014d4       0x18 CMakeFiles/main.dir/pico-sdk/src/rp2_common/hardware_timer/timer.c.obj
                0x100014d4                hardware_alarm_claim
 .text.time_us_64
                0x100014ec       0x14 CMakeFiles/main.dir/pico-sdk/src/rp2_common/hardware_timer/timer.c.obj
                0x100014ec                time_us_64
 .text.busy_wait_us
                0x10001500       0x54 CMakeFiles/main.dir/pico-sdk/src/rp2_common/hardware_timer/timer.c.obj
                0x10001500                busy_wait_us
 .text.hardware_alarm_set_callback
                0x10001554       0x8c CMakeFiles/main.dir/pico-sdk/src/rp2_common/hardware_timer/timer.c.obj
                0x10001554                hardware_alarm_set_callback
 .text.hardware_alarm_set_target
                0x100015e0       0xe0 CMakeFiles/main.dir/pico-sdk/src/rp2_common/hardware_timer/timer.c.obj
                0x100015e0                hardware_alarm_set_target
 .text.hardware_alarm_cancel
                0x100016c0       0x3c CMakeFiles/main.dir/pico-sdk/src/rp2_common/hardware_timer/timer.c.obj
                0x100016c0                hardware_alarm_cancel
 .text.ph_merge_nodes
                0x100016fc       0x68 CMakeFiles/main.dir/pico-sdk/src/common/pico_util/pheap.c.obj
 .text.ph_post_alloc_init
                0x10001764       0x3c CMakeFiles/main.dir/pico-sdk/src/common/pico_util/pheap.c.obj
                0x10001764                ph_post_alloc_init
 .text.ph_merge_two_pass
                0x100017a0       0x90 CMakeFiles/main.dir/pico-sdk/src/common/pico_util/pheap.c.obj
                0x100017a0                ph_merge_two_pass
 .text.ph_remove_any_head
                0x10001830      0x100 CMakeFiles/main.dir/pico-sdk/src/common/pico_util/pheap.c.obj
 .text.ph_remove_head
                0x10001930      0x104 CMakeFiles/main.dir/pico-sdk/src/common/pico_util/pheap.c.obj
                0x10001930                ph_remove_head
 .text.ph_remove_and_free_node
                0x10001a34       0x7c CMakeFiles/main.dir/pico-sdk/src/common/pico_util/pheap.c.obj
                0x10001a34                ph_remove_and_free_node
 .text.clocks_init
                0x10001ab0      0x2bc CMakeFiles/main.dir/pico-sdk/src/rp2_common/hardware_clocks/clocks.c.obj
                0x10001ab0                clocks_init
 .text.pll_init
                0x10001d6c       0xb0 CMakeFiles/main.dir/pico-sdk/src/rp2_common/hardware_pll/pll.c.obj
                0x10001d6c                pll_init
 .text.watchdog_start_tick
                0x10001e1c       0x10 CMakeFiles/main.dir/pico-sdk/src/rp2_common/hardware_watchdog/watchdog.c.obj
                0x10001e1c                watchdog_start_tick
 .text.xosc_init
                0x10001e2c       0x28 CMakeFiles/main.dir/pico-sdk/src/rp2_common/hardware_xosc/xosc.c.obj
                0x10001e2c                xosc_init
 .text.runtime_init
                0x10001e54       0xf0 CMakeFiles/main.dir/pico-sdk/src/rp2_common/pico_runtime/runtime.c.obj
                0x10001e54                runtime_init
 .text._exit    0x10001f44        0x4 CMakeFiles/main.dir/pico-sdk/src/rp2_common/pico_runtime/runtime.c.obj
                0x10001f44                _exit
 .text._sbrk    0x10001f48       0x34 CMakeFiles/main.dir/pico-sdk/src/rp2_common/pico_runtime/runtime.c.obj
                0x10001f48                _sbrk
 .text._getpid  0x10001f7c        0x4 CMakeFiles/main.dir/pico-sdk/src/rp2_common/pico_runtime/runtime.c.obj
                0x10001f7c                _getpid
 .text._kill    0x10001f80        0x8 CMakeFiles/main.dir/pico-sdk/src/rp2_common/pico_runtime/runtime.c.obj
                0x10001f80                _kill
 .text.exit     0x10001f88        0x8 CMakeFiles/main.dir/pico-sdk/src/rp2_common/pico_runtime/runtime.c.obj
                0x10001f88                exit
 .text.panic    0x10001f90       0x30 CMakeFiles/main.dir/pico-sdk/src/rp2_common/pico_runtime/runtime.c.obj
                0x10001f90                panic
 .text.hard_assertion_failure
                0x10001fc0        0xc CMakeFiles/main.dir/pico-sdk/src/rp2_common/pico_runtime/runtime.c.obj
                0x10001fc0                hard_assertion_failure
 .text._out_buffer
                0x10001fcc        0x8 CMakeFiles/main.dir/pico-sdk/src/rp2_common/pico_printf/printf.c.obj
 .text._out_null
                0x10001fd4        0x4 CMakeFiles/main.dir/pico-sdk/src/rp2_common/pico_printf/printf.c.obj
 .text._out_rev
                0x10001fd8       0x9c CMakeFiles/main.dir/pico-sdk/src/rp2_common/pico_printf/printf.c.obj
 .text._ntoa_format
                0x10002074      0x1cc CMakeFiles/main.dir/pico-sdk/src/rp2_common/pico_printf/printf.c.obj
 .text._out_char
                0x10002240       0x10 CMakeFiles/main.dir/pico-sdk/src/rp2_common/pico_printf/printf.c.obj
 .text._etoa    0x10002250      0x44c CMakeFiles/main.dir/pico-sdk/src/rp2_common/pico_printf/printf.c.obj
 .text._ftoa    0x1000269c      0x398 CMakeFiles/main.dir/pico-sdk/src/rp2_common/pico_printf/printf.c.obj
 .text._vsnprintf
                0x10002a34      0xb04 CMakeFiles/main.dir/pico-sdk/src/rp2_common/pico_printf/printf.c.obj
 .text.__wrap_sprintf
                0x10003538       0x28 CMakeFiles/main.dir/pico-sdk/src/rp2_common/pico_printf/printf.c.obj
                0x10003538                __wrap_sprintf
 .text.weak_raw_vprintf
                0x10003560       0x30 CMakeFiles/main.dir/pico-sdk/src/rp2_common/pico_printf/printf.c.obj
                0x10003560                weak_raw_vprintf
 .text          0x10003590       0x10 CMakeFiles/main.dir/pico-sdk/src/rp2_common/pico_bit_ops/bit_ops_aeabi.S.obj
 .text.rom_func_lookup
                0x100035a0       0x10 CMakeFiles/main.dir/pico-sdk/src/rp2_common/pico_bootrom/bootrom.c.obj
                0x100035a0                rom_func_lookup
 .text.rom_data_lookup
                0x100035b0       0x10 CMakeFiles/main.dir/pico-sdk/src/rp2_common/pico_bootrom/bootrom.c.obj
                0x100035b0                rom_data_lookup
 .text.rom_funcs_lookup
                0x100035c0       0x44 CMakeFiles/main.dir/pico-sdk/src/rp2_common/pico_bootrom/bootrom.c.obj
                0x100035c0                rom_funcs_lookup
 .text.__wrap___aeabi_idiv
                0x10003604       0x50 CMakeFiles/main.dir/pico-sdk/src/rp2_common/pico_divider/divider.S.obj
                0x10003604                __wrap___aeabi_idivmod
                0x10003604                divmod_s32s32
                0x10003604                div_s32s32
                0x10003604                __wrap___aeabi_idiv
                0x1000360c                divmod_s32s32_unsafe
                0x10003638                divmod_s32s32_savestate
 .text.__wrap___aeabi_uidiv
                0x10003654       0x4c CMakeFiles/main.dir/pico-sdk/src/rp2_common/pico_divider/divider.S.obj
                0x10003654                __wrap___aeabi_uidiv
                0x10003654                __wrap___aeabi_uidivmod
                0x10003654                div_u32u32
                0x10003654                divmod_u32u32
                0x1000365c                divmod_u32u32_unsafe
                0x10003684                divmod_u32u32_savestate
 .text.__wrap___aeabi_ldiv
                0x100036a0      0x424 CMakeFiles/main.dir/pico-sdk/src/rp2_common/pico_divider/divider.S.obj
                0x100036a0                div_s64s64
                0x100036a0                divmod_s64s64
                0x100036a0                __wrap___aeabi_ldivmod
                0x100036d0                divmod_u64u64
                0x100036d0                div_u64u64
                0x100036d0                __wrap___aeabi_uldivmod
                0x100036e0                divmod_u64u64_savestate
                0x10003700                divmod_s64s64_unsafe
                0x10003788                divmod_u64u64_unsafe
 .text.__wrap___aeabi_darithmetic
                0x10003ac4       0x60 CMakeFiles/main.dir/pico-sdk/src/rp2_common/pico_double/double_aeabi.S.obj
                0x10003ac4                __wrap___aeabi_drsub
                0x10003aca                __wrap___aeabi_dsub
                0x10003ad4                __wrap___aeabi_dadd
                0x10003ade                __wrap___aeabi_ddiv
                0x10003b12                __wrap___aeabi_dmul
 .text.__wrap___aeabi_cdcmple
                0x10003b24       0x6c CMakeFiles/main.dir/pico-sdk/src/rp2_common/pico_double/double_aeabi.S.obj
                0x10003b24                __wrap___aeabi_cdrcmple
                0x10003b34                __wrap___aeabi_cdcmpeq
                0x10003b34                __wrap___aeabi_cdcmple
 .text.__wrap___aeabi_dcmplt
                0x10003b90        0xc CMakeFiles/main.dir/pico-sdk/src/rp2_common/pico_double/double_aeabi.S.obj
                0x10003b90                __wrap___aeabi_dcmplt
 .text.__wrap___aeabi_dcmple
                0x10003b9c       0x10 CMakeFiles/main.dir/pico-sdk/src/rp2_common/pico_double/double_aeabi.S.obj
                0x10003b9c                __wrap___aeabi_dcmple
 .text.__wrap___aeabi_dcmpge
                0x10003bac       0x10 CMakeFiles/main.dir/pico-sdk/src/rp2_common/pico_double/double_aeabi.S.obj
                0x10003bac                __wrap___aeabi_dcmpge
 .text.__wrap___aeabi_dcmpgt
                0x10003bbc        0xa CMakeFiles/main.dir/pico-sdk/src/rp2_common/pico_double/double_aeabi.S.obj
                0x10003bbc                __wrap___aeabi_dcmpgt
 .text.__wrap___aeabi_dcmpun
                0x10003bc6       0x1c CMakeFiles/main.dir/pico-sdk/src/rp2_common/pico_double/double_aeabi.S.obj
                0x10003bc6                __wrap___aeabi_dcmpun
 *fill*         0x10003be2        0x2 
 .text.__wrap___aeabi_i2d
                0x10003be4       0x38 CMakeFiles/main.dir/pico-sdk/src/rp2_common/pico_double/double_aeabi.S.obj
                0x10003be4                __wrap___aeabi_ui2d
                0x10003bec                __wrap___aeabi_i2d
 .text.__wrap___aeabi_d2iz
                0x10003c1c       0x48 CMakeFiles/main.dir/pico-sdk/src/rp2_common/pico_double/double_aeabi.S.obj
                0x10003c1c                double2int_z
                0x10003c1c                __wrap___aeabi_d2iz
 .text.__wrap___aeabi_d2uiz
                0x10003c64       0x10 CMakeFiles/main.dir/pico-sdk/src/rp2_common/pico_double/double_aeabi.S.obj
                0x10003c64                __wrap___aeabi_d2uiz
                0x10003c64                double2uint
 .text.missing_double_func_shim
                0x10003c74        0xc CMakeFiles/main.dir/pico-sdk/src/rp2_common/pico_double/double_init_rom.c.obj
 .text.__aeabi_double_init
                0x10003c80       0x98 CMakeFiles/main.dir/pico-sdk/src/rp2_common/pico_double/double_init_rom.c.obj
                0x10003c80                __aeabi_double_init
 .text.double_table_shim_on_use_helper
                0x10003d18       0x2c CMakeFiles/main.dir/pico-sdk/src/rp2_common/pico_double/double_v1_rom_shim.S.obj
                0x10003d18                double_table_shim_on_use_helper
 .text.__aeabi_lmul
                0x10003d44       0x32 CMakeFiles/main.dir/pico-sdk/src/rp2_common/pico_int64_ops/pico_int64_ops_aeabi.S.obj
                0x10003d44                __wrap___aeabi_lmul
 *fill*         0x10003d76        0x2 
 .text.missing_float_func_shim
                0x10003d78        0xc CMakeFiles/main.dir/pico-sdk/src/rp2_common/pico_float/float_init_rom.c.obj
 .text.__aeabi_float_init
                0x10003d84       0x5c CMakeFiles/main.dir/pico-sdk/src/rp2_common/pico_float/float_init_rom.c.obj
                0x10003d84                __aeabi_float_init
 .text.__wrap_malloc
                0x10003de0       0x24 CMakeFiles/main.dir/pico-sdk/src/rp2_common/pico_malloc/pico_malloc.c.obj
                0x10003de0                __wrap_malloc
 .text.__wrap_realloc
                0x10003e04       0x24 CMakeFiles/main.dir/pico-sdk/src/rp2_common/pico_malloc/pico_malloc.c.obj
                0x10003e04                __wrap_realloc
 .text.__wrap_free
                0x10003e28        0x8 CMakeFiles/main.dir/pico-sdk/src/rp2_common/pico_malloc/pico_malloc.c.obj
                0x10003e28                __wrap_free
 .text          0x10003e30       0x10 CMakeFiles/main.dir/pico-sdk/src/rp2_common/pico_mem_ops/mem_ops_aeabi.S.obj
                0x10003e30                __aeabi_mem_init
 .text.memset   0x10003e40        0xc CMakeFiles/main.dir/pico-sdk/src/rp2_common/pico_mem_ops/mem_ops_aeabi.S.obj
                0x10003e40                __wrap_memset
 .text.memcpy   0x10003e4c        0xc CMakeFiles/main.dir/pico-sdk/src/rp2_common/pico_mem_ops/mem_ops_aeabi.S.obj
                0x10003e4c                __wrap_memcpy
                0x10003e4c                __wrap___aeabi_memcpy
 .text._Znwj    0x10003e58        0x8 CMakeFiles/main.dir/pico-sdk/src/rp2_common/pico_standard_link/new_delete.cpp.obj
                0x10003e58                operator new(unsigned int)
 .text._ZdlPv   0x10003e60        0x8 CMakeFiles/main.dir/pico-sdk/src/rp2_common/pico_standard_link/new_delete.cpp.obj
                0x10003e60                operator delete(void*)
 .text._ZdlPvj  0x10003e68        0x8 CMakeFiles/main.dir/pico-sdk/src/rp2_common/pico_standard_link/new_delete.cpp.obj
                0x10003e68                operator delete(void*, unsigned int)
 .text.stdio_out_chars_no_crlf
                0x10003e70       0x10 CMakeFiles/main.dir/pico-sdk/src/rp2_common/pico_stdio/stdio.c.obj
 .text.stdio_out_chars_crlf
                0x10003e80       0xb4 CMakeFiles/main.dir/pico-sdk/src/rp2_common/pico_stdio/stdio.c.obj
 .text.stdio_put_string.isra.0
                0x10003f34       0xfc CMakeFiles/main.dir/pico-sdk/src/rp2_common/pico_stdio/stdio.c.obj
 .text.__wrap_putchar
                0x10004030       0x98 CMakeFiles/main.dir/pico-sdk/src/rp2_common/pico_stdio/stdio.c.obj
                0x10004030                __wrap_putchar
 .text.__wrap_puts
                0x100040c8       0x3c CMakeFiles/main.dir/pico-sdk/src/rp2_common/pico_stdio/stdio.c.obj
                0x100040c8                __wrap_puts
 .text._read    0x10004104       0x94 CMakeFiles/main.dir/pico-sdk/src/rp2_common/pico_stdio/stdio.c.obj
                0x10004104                _read
 .text._write   0x10004198       0xac CMakeFiles/main.dir/pico-sdk/src/rp2_common/pico_stdio/stdio.c.obj
                0x10004198                _write
 .text._close   0x10004244        0x8 CMakeFiles/main.dir/pico-sdk/src/rp2_common/pico_stdio/stdio.c.obj
                0x10004244                _close
 .text._lseek   0x1000424c        0x8 CMakeFiles/main.dir/pico-sdk/src/rp2_common/pico_stdio/stdio.c.obj
                0x1000424c                _lseek
 .text._fstat   0x10004254        0x8 CMakeFiles/main.dir/pico-sdk/src/rp2_common/pico_stdio/stdio.c.obj
                0x10004254                _fstat
 .text._isatty  0x1000425c        0xc CMakeFiles/main.dir/pico-sdk/src/rp2_common/pico_stdio/stdio.c.obj
                0x1000425c                _isatty
 .text.stdio_init_all
                0x10004268        0x8 CMakeFiles/main.dir/pico-sdk/src/rp2_common/pico_stdio/stdio.c.obj
                0x10004268                stdio_init_all
 .text.stdio_usb_init
                0x10004270        0x4 CMakeFiles/main.dir/pico-sdk/src/rp2_common/pico_stdio_usb/stdio_usb.c.obj
                0x10004270                stdio_usb_init
 .text.startup._retrieve_unique_id_on_boot
                0x10004274       0x10 CMakeFiles/main.dir/pico-sdk/src/rp2_common/pico_unique_id/unique_id.c.obj
 .text.flash_get_unique_id
                0x10004284       0x40 CMakeFiles/main.dir/pico-sdk/src/rp2_common/hardware_flash/flash.c.obj
                0x10004284                flash_get_unique_id
 .text.dcd_int_enable
                0x100042c4        0xc CMakeFiles/main.dir/pico-sdk/lib/tinyusb/src/portable/raspberrypi/rp2040/dcd_rp2040.c.obj
                0x100042c4                dcd_int_enable
 .text.dcd_set_address
                0x100042d0       0x14 CMakeFiles/main.dir/pico-sdk/lib/tinyusb/src/portable/raspberrypi/rp2040/dcd_rp2040.c.obj
                0x100042d0                dcd_set_address
 .text.dcd_remote_wakeup
                0x100042e4       0x18 CMakeFiles/main.dir/pico-sdk/lib/tinyusb/src/portable/raspberrypi/rp2040/dcd_rp2040.c.obj
                0x100042e4                dcd_remote_wakeup
 .text.dcd_connect
                0x100042fc       0x10 CMakeFiles/main.dir/pico-sdk/lib/tinyusb/src/portable/raspberrypi/rp2040/dcd_rp2040.c.obj
                0x100042fc                dcd_connect
 .text.dcd_init
                0x1000430c       0x98 CMakeFiles/main.dir/pico-sdk/lib/tinyusb/src/portable/raspberrypi/rp2040/dcd_rp2040.c.obj
                0x1000430c                dcd_init
 .text.dcd_edpt0_status_complete
                0x100043a4       0x1c CMakeFiles/main.dir/pico-sdk/lib/tinyusb/src/portable/raspberrypi/rp2040/dcd_rp2040.c.obj
                0x100043a4                dcd_edpt0_status_complete
 .text.dcd_edpt_open
                0x100043c0      0x108 CMakeFiles/main.dir/pico-sdk/lib/tinyusb/src/portable/raspberrypi/rp2040/dcd_rp2040.c.obj
                0x100043c0                dcd_edpt_open
 .text.dcd_edpt_close_all
                0x100044c8        0x8 CMakeFiles/main.dir/pico-sdk/lib/tinyusb/src/portable/raspberrypi/rp2040/dcd_rp2040.c.obj
                0x100044c8                dcd_edpt_close_all
 .text.dcd_edpt_xfer
                0x100044d0       0x24 CMakeFiles/main.dir/pico-sdk/lib/tinyusb/src/portable/raspberrypi/rp2040/dcd_rp2040.c.obj
                0x100044d0                dcd_edpt_xfer
 .text.dcd_edpt_stall
                0x100044f4       0x38 CMakeFiles/main.dir/pico-sdk/lib/tinyusb/src/portable/raspberrypi/rp2040/dcd_rp2040.c.obj
                0x100044f4                dcd_edpt_stall
 .text.dcd_edpt_clear_stall
                0x1000452c       0x30 CMakeFiles/main.dir/pico-sdk/lib/tinyusb/src/portable/raspberrypi/rp2040/dcd_rp2040.c.obj
                0x1000452c                dcd_edpt_clear_stall
 .text.rp2040_usb_init
                0x1000455c       0x4c CMakeFiles/main.dir/pico-sdk/lib/tinyusb/src/portable/raspberrypi/rp2040/rp2040_usb.c.obj
                0x1000455c                rp2040_usb_init
 .text.hw_endpoint_xfer_start
                0x100045a8       0x50 CMakeFiles/main.dir/pico-sdk/lib/tinyusb/src/portable/raspberrypi/rp2040/rp2040_usb.c.obj
                0x100045a8                hw_endpoint_xfer_start
 .text.tud_mounted
                0x100045f8       0x10 CMakeFiles/main.dir/pico-sdk/lib/tinyusb/src/device/usbd.c.obj
                0x100045f8                tud_mounted
 .text.tud_suspended
                0x10004608       0x10 CMakeFiles/main.dir/pico-sdk/lib/tinyusb/src/device/usbd.c.obj
                0x10004608                tud_suspended
 .text.tud_remote_wakeup
                0x10004618       0x30 CMakeFiles/main.dir/pico-sdk/lib/tinyusb/src/device/usbd.c.obj
                0x10004618                tud_remote_wakeup
 .text.tud_inited
                0x10004648       0x14 CMakeFiles/main.dir/pico-sdk/lib/tinyusb/src/device/usbd.c.obj
                0x10004648                tud_inited
 .text.tud_init
                0x1000465c       0xe4 CMakeFiles/main.dir/pico-sdk/lib/tinyusb/src/device/usbd.c.obj
                0x1000465c                tud_init
 .text.tud_task_ext
                0x10004740      0x874 CMakeFiles/main.dir/pico-sdk/lib/tinyusb/src/device/usbd.c.obj
                0x10004740                tud_task_ext
 .text.usbd_open_edpt_pair
                0x10004fb4       0x9c CMakeFiles/main.dir/pico-sdk/lib/tinyusb/src/device/usbd.c.obj
                0x10004fb4                usbd_open_edpt_pair
 .text.usbd_edpt_claim
                0x10005050       0x28 CMakeFiles/main.dir/pico-sdk/lib/tinyusb/src/device/usbd.c.obj
                0x10005050                usbd_edpt_claim
 .text.usbd_edpt_xfer
                0x10005078       0x4c CMakeFiles/main.dir/pico-sdk/lib/tinyusb/src/device/usbd.c.obj
                0x10005078                usbd_edpt_xfer
 .text.usbd_edpt_busy
                0x100050c4       0x1c CMakeFiles/main.dir/pico-sdk/lib/tinyusb/src/device/usbd.c.obj
                0x100050c4                usbd_edpt_busy
 .text.tud_control_status
                0x100050e0       0x30 CMakeFiles/main.dir/pico-sdk/lib/tinyusb/src/device/usbd_control.c.obj
                0x100050e0                tud_control_status
 .text.tud_control_xfer
                0x10005110       0xbc CMakeFiles/main.dir/pico-sdk/lib/tinyusb/src/device/usbd_control.c.obj
                0x10005110                tud_control_xfer
 .text.usbd_control_reset
                0x100051cc       0x14 CMakeFiles/main.dir/pico-sdk/lib/tinyusb/src/device/usbd_control.c.obj
                0x100051cc                usbd_control_reset
 .text.usbd_control_set_complete_callback
                0x100051e0        0xc CMakeFiles/main.dir/pico-sdk/lib/tinyusb/src/device/usbd_control.c.obj
                0x100051e0                usbd_control_set_complete_callback
 .text.usbd_control_set_request
                0x100051ec       0x1c CMakeFiles/main.dir/pico-sdk/lib/tinyusb/src/device/usbd_control.c.obj
                0x100051ec                usbd_control_set_request
 .text.usbd_control_xfer_cb
                0x10005208       0xfc CMakeFiles/main.dir/pico-sdk/lib/tinyusb/src/device/usbd_control.c.obj
                0x10005208                usbd_control_xfer_cb
 .text.tud_hid_n_ready
                0x10005304       0x38 CMakeFiles/main.dir/pico-sdk/lib/tinyusb/src/class/hid/hid_device.c.obj
                0x10005304                tud_hid_n_ready
 .text.tud_hid_n_keyboard_report
                0x1000533c       0x8c CMakeFiles/main.dir/pico-sdk/lib/tinyusb/src/class/hid/hid_device.c.obj
                0x1000533c                tud_hid_n_keyboard_report
 .text.hidd_init
                0x100053c8       0x14 CMakeFiles/main.dir/pico-sdk/lib/tinyusb/src/class/hid/hid_device.c.obj
                0x100053c8                hidd_init
 .text.hidd_reset
                0x100053dc       0x14 CMakeFiles/main.dir/pico-sdk/lib/tinyusb/src/class/hid/hid_device.c.obj
                0x100053dc                hidd_reset
 .text.hidd_open
                0x100053f0       0x8c CMakeFiles/main.dir/pico-sdk/lib/tinyusb/src/class/hid/hid_device.c.obj
                0x100053f0                hidd_open
 .text.hidd_control_xfer_cb
                0x1000547c      0x1a8 CMakeFiles/main.dir/pico-sdk/lib/tinyusb/src/class/hid/hid_device.c.obj
                0x1000547c                hidd_control_xfer_cb
 .text.hidd_xfer_cb
                0x10005624       0x64 CMakeFiles/main.dir/pico-sdk/lib/tinyusb/src/class/hid/hid_device.c.obj
                0x10005624                hidd_xfer_cb
 .text.tusb_init
                0x10005688        0xc CMakeFiles/main.dir/pico-sdk/lib/tinyusb/src/tusb.c.obj
                0x10005688                tusb_init
 .text.tusb_inited
                0x10005694        0x8 CMakeFiles/main.dir/pico-sdk/lib/tinyusb/src/tusb.c.obj
                0x10005694                tusb_inited
 .text.tu_edpt_claim
                0x1000569c       0x50 CMakeFiles/main.dir/pico-sdk/lib/tinyusb/src/tusb.c.obj
                0x1000569c                tu_edpt_claim
 .text.tu_edpt_validate
                0x100056ec       0x78 CMakeFiles/main.dir/pico-sdk/lib/tinyusb/src/tusb.c.obj
                0x100056ec                tu_edpt_validate
 .text.tu_edpt_bind_driver
                0x10005764       0x34 CMakeFiles/main.dir/pico-sdk/lib/tinyusb/src/tusb.c.obj
                0x10005764                tu_edpt_bind_driver
 .text.tu_fifo_read
                0x10005798       0xa0 CMakeFiles/main.dir/pico-sdk/lib/tinyusb/src/common/tusb_fifo.c.obj
                0x10005798                tu_fifo_read
 .text.tu_fifo_write
                0x10005838       0x88 CMakeFiles/main.dir/pico-sdk/lib/tinyusb/src/common/tusb_fifo.c.obj
                0x10005838                tu_fifo_write
 .text.tu_fifo_clear
                0x100058c0       0x40 CMakeFiles/main.dir/pico-sdk/lib/tinyusb/src/common/tusb_fifo.c.obj
                0x100058c0                tu_fifo_clear
 .text.board_init
                0x10005900        0x4 CMakeFiles/main.dir/pico-sdk/lib/tinyusb/hw/bsp/rp2040/family.c.obj
                0x10005900                board_init
 .text.board_led_write
                0x10005904        0x4 CMakeFiles/main.dir/pico-sdk/lib/tinyusb/hw/bsp/rp2040/family.c.obj
                0x10005904                board_led_write
 .text.board_button_read
                0x10005908       0x10 CMakeFiles/main.dir/pico-sdk/lib/tinyusb/hw/bsp/rp2040/family.c.obj
                0x10005908                board_button_read
 .text.unlikely._ZSt17__throw_bad_allocv
                0x10005918       0x20 c:/vsarm/armcc/102021~1.10/bin/../lib/gcc/arm-none-eabi/10.3.1/../../../../arm-none-eabi/lib/thumb/v6-m/nofp\libstdc++.a(functexcept.o)
                0x10005918                std::__throw_bad_alloc()
 .text.unlikely._ZSt19__throw_logic_errorPKc
                0x10005938       0x30 c:/vsarm/armcc/102021~1.10/bin/../lib/gcc/arm-none-eabi/10.3.1/../../../../arm-none-eabi/lib/thumb/v6-m/nofp\libstdc++.a(functexcept.o)
                0x10005938                std::__throw_logic_error(char const*)
 .text.unlikely._ZSt20__throw_length_errorPKc
                0x10005968       0x30 c:/vsarm/armcc/102021~1.10/bin/../lib/gcc/arm-none-eabi/10.3.1/../../../../arm-none-eabi/lib/thumb/v6-m/nofp\libstdc++.a(functexcept.o)
                0x10005968                std::__throw_length_error(char const*)
 .text._ZNKSt9bad_alloc4whatEv
                0x10005998        0x8 c:/vsarm/armcc/102021~1.10/bin/../lib/gcc/arm-none-eabi/10.3.1/../../../../arm-none-eabi/lib/thumb/v6-m/nofp\libstdc++.a(bad_alloc.o)
                0x10005998                std::bad_alloc::what() const
 .text._ZNSt9bad_allocD2Ev
                0x100059a0       0x18 c:/vsarm/armcc/102021~1.10/bin/../lib/gcc/arm-none-eabi/10.3.1/../../../../arm-none-eabi/lib/thumb/v6-m/nofp\libstdc++.a(bad_alloc.o)
                0x100059a0                std::bad_alloc::~bad_alloc()
                0x100059a0                std::bad_alloc::~bad_alloc()
 .text._ZNSt9bad_allocD0Ev
                0x100059b8       0x20 c:/vsarm/armcc/102021~1.10/bin/../lib/gcc/arm-none-eabi/10.3.1/../../../../arm-none-eabi/lib/thumb/v6-m/nofp\libstdc++.a(bad_alloc.o)
                0x100059b8                std::bad_alloc::~bad_alloc()
 .text._ZN12_GLOBAL__N_14pool4freeEPv.constprop.0
                0x100059d8       0x78 c:/vsarm/armcc/102021~1.10/bin/../lib/gcc/arm-none-eabi/10.3.1/../../../../arm-none-eabi/lib/thumb/v6-m/nofp\libstdc++.a(eh_alloc.o)
 .text._ZN12_GLOBAL__N_14pool8allocateEj.constprop.0
                0x10005a50       0x54 c:/vsarm/armcc/102021~1.10/bin/../lib/gcc/arm-none-eabi/10.3.1/../../../../arm-none-eabi/lib/thumb/v6-m/nofp\libstdc++.a(eh_alloc.o)
 .text.__cxa_allocate_exception
                0x10005aa4       0x2c c:/vsarm/armcc/102021~1.10/bin/../lib/gcc/arm-none-eabi/10.3.1/../../../../arm-none-eabi/lib/thumb/v6-m/nofp\libstdc++.a(eh_alloc.o)
                0x10005aa4                __cxa_allocate_exception
 .text.__cxa_free_exception
                0x10005ad0       0x24 c:/vsarm/armcc/102021~1.10/bin/../lib/gcc/arm-none-eabi/10.3.1/../../../../arm-none-eabi/lib/thumb/v6-m/nofp\libstdc++.a(eh_alloc.o)
                0x10005ad0                __cxa_free_exception
 .text.startup._GLOBAL__sub_I__ZN9__gnu_cxx9__freeresEv
                0x10005af4       0x2c c:/vsarm/armcc/102021~1.10/bin/../lib/gcc/arm-none-eabi/10.3.1/../../../../arm-none-eabi/lib/thumb/v6-m/nofp\libstdc++.a(eh_alloc.o)
 .text.__cxa_end_cleanup
                0x10005b20        0xc c:/vsarm/armcc/102021~1.10/bin/../lib/gcc/arm-none-eabi/10.3.1/../../../../arm-none-eabi/lib/thumb/v6-m/nofp\libstdc++.a(eh_arm.o)
                0x10005b20                __cxa_end_cleanup
 .text.__cxa_type_match
                0x10005b2c       0xc0 c:/vsarm/armcc/102021~1.10/bin/../lib/gcc/arm-none-eabi/10.3.1/../../../../arm-none-eabi/lib/thumb/v6-m/nofp\libstdc++.a(eh_arm.o)
                0x10005b2c                __cxa_type_match
 .text.__cxa_begin_cleanup
                0x10005bec       0x60 c:/vsarm/armcc/102021~1.10/bin/../lib/gcc/arm-none-eabi/10.3.1/../../../../arm-none-eabi/lib/thumb/v6-m/nofp\libstdc++.a(eh_arm.o)
                0x10005bec                __cxa_begin_cleanup
 .text.__gnu_end_cleanup
                0x10005c4c       0x70 c:/vsarm/armcc/102021~1.10/bin/../lib/gcc/arm-none-eabi/10.3.1/../../../../arm-none-eabi/lib/thumb/v6-m/nofp\libstdc++.a(eh_arm.o)
                0x10005c4c                __gnu_end_cleanup
 .text._ZNSt9exceptionD2Ev
                0x10005cbc        0x4 c:/vsarm/armcc/102021~1.10/bin/../lib/gcc/arm-none-eabi/10.3.1/../../../../arm-none-eabi/lib/thumb/v6-m/nofp\libstdc++.a(eh_exception.o)
                0x10005cbc                std::exception::~exception()
                0x10005cbc                std::exception::~exception()
 .text._ZNSt13bad_exceptionD2Ev
                0x10005cc0        0x4 c:/vsarm/armcc/102021~1.10/bin/../lib/gcc/arm-none-eabi/10.3.1/../../../../arm-none-eabi/lib/thumb/v6-m/nofp\libstdc++.a(eh_exception.o)
                0x10005cc0                std::bad_exception::~bad_exception()
                0x10005cc0                std::bad_exception::~bad_exception()
 .text._ZNKSt13bad_exception4whatEv
                0x10005cc4        0x8 c:/vsarm/armcc/102021~1.10/bin/../lib/gcc/arm-none-eabi/10.3.1/../../../../arm-none-eabi/lib/thumb/v6-m/nofp\libstdc++.a(eh_exception.o)
                0x10005cc4                std::bad_exception::what() const
                0x10005cc4                transaction clone for std::bad_exception::what() const
 .text._ZNSt13bad_exceptionD0Ev
                0x10005ccc       0x10 c:/vsarm/armcc/102021~1.10/bin/../lib/gcc/arm-none-eabi/10.3.1/../../../../arm-none-eabi/lib/thumb/v6-m/nofp\libstdc++.a(eh_exception.o)
                0x10005ccc                std::bad_exception::~bad_exception()
 .text.__cxa_get_globals_fast
                0x10005cdc        0x8 c:/vsarm/armcc/102021~1.10/bin/../lib/gcc/arm-none-eabi/10.3.1/../../../../arm-none-eabi/lib/thumb/v6-m/nofp\libstdc++.a(eh_globals.o)
                0x10005cdc                __cxa_get_globals_fast
 .text.__cxa_get_globals
                0x10005ce4        0x8 c:/vsarm/armcc/102021~1.10/bin/../lib/gcc/arm-none-eabi/10.3.1/../../../../arm-none-eabi/lib/thumb/v6-m/nofp\libstdc++.a(eh_globals.o)
                0x10005ce4                __cxa_get_globals
 .text._ZL28read_encoded_value_with_basehjPKhPj
                0x10005cec      0x114 c:/vsarm/armcc/102021~1.10/bin/../lib/gcc/arm-none-eabi/10.3.1/../../../../arm-none-eabi/lib/thumb/v6-m/nofp\libstdc++.a(eh_personality.o)
 .text._ZL21base_of_encoded_valuehP15_Unwind_Context
                0x10005e00       0x48 c:/vsarm/armcc/102021~1.10/bin/../lib/gcc/arm-none-eabi/10.3.1/../../../../arm-none-eabi/lib/thumb/v6-m/nofp\libstdc++.a(eh_personality.o)
 .text._ZL17parse_lsda_headerP15_Unwind_ContextPKhP16lsda_header_info
                0x10005e48       0x98 c:/vsarm/armcc/102021~1.10/bin/../lib/gcc/arm-none-eabi/10.3.1/../../../../arm-none-eabi/lib/thumb/v6-m/nofp\libstdc++.a(eh_personality.o)
 .text.__gxx_personality_v0
                0x10005ee0      0x4c8 c:/vsarm/armcc/102021~1.10/bin/../lib/gcc/arm-none-eabi/10.3.1/../../../../arm-none-eabi/lib/thumb/v6-m/nofp\libstdc++.a(eh_personality.o)
                0x10005ee0                __gxx_personality_v0
 .text._ZN10__cxxabiv111__terminateEPFvvE
                0x100063a8       0x28 c:/vsarm/armcc/102021~1.10/bin/../lib/gcc/arm-none-eabi/10.3.1/../../../../arm-none-eabi/lib/thumb/v6-m/nofp\libstdc++.a(eh_terminate.o)
                0x100063a8                __cxxabiv1::__terminate(void (*)())
 .text._ZSt9terminatev
                0x100063d0       0x10 c:/vsarm/armcc/102021~1.10/bin/../lib/gcc/arm-none-eabi/10.3.1/../../../../arm-none-eabi/lib/thumb/v6-m/nofp\libstdc++.a(eh_terminate.o)
                0x100063d0                std::terminate()
 .text._ZN10__cxxabiv112__unexpectedEPFvvE
                0x100063e0        0x8 c:/vsarm/armcc/102021~1.10/bin/../lib/gcc/arm-none-eabi/10.3.1/../../../../arm-none-eabi/lib/thumb/v6-m/nofp\libstdc++.a(eh_terminate.o)
                0x100063e0                __cxxabiv1::__unexpected(void (*)())
 .text._ZSt10unexpectedv
                0x100063e8       0x10 c:/vsarm/armcc/102021~1.10/bin/../lib/gcc/arm-none-eabi/10.3.1/../../../../arm-none-eabi/lib/thumb/v6-m/nofp\libstdc++.a(eh_terminate.o)
                0x100063e8                std::unexpected()
 .text._ZSt13get_terminatev
                0x100063f8        0xc c:/vsarm/armcc/102021~1.10/bin/../lib/gcc/arm-none-eabi/10.3.1/../../../../arm-none-eabi/lib/thumb/v6-m/nofp\libstdc++.a(eh_terminate.o)
                0x100063f8                std::get_terminate()
 .text._ZSt14get_unexpectedv
                0x10006404        0xc c:/vsarm/armcc/102021~1.10/bin/../lib/gcc/arm-none-eabi/10.3.1/../../../../arm-none-eabi/lib/thumb/v6-m/nofp\libstdc++.a(eh_terminate.o)
                0x10006404                std::get_unexpected()
 .text._ZL23__gxx_exception_cleanup19_Unwind_Reason_CodeP21_Unwind_Control_Block
                0x10006410       0x34 c:/vsarm/armcc/102021~1.10/bin/../lib/gcc/arm-none-eabi/10.3.1/../../../../arm-none-eabi/lib/thumb/v6-m/nofp\libstdc++.a(eh_throw.o)
 .text.__cxa_init_primary_exception
                0x10006444       0x4c c:/vsarm/armcc/102021~1.10/bin/../lib/gcc/arm-none-eabi/10.3.1/../../../../arm-none-eabi/lib/thumb/v6-m/nofp\libstdc++.a(eh_throw.o)
                0x10006444                __cxa_init_primary_exception
 .text.__cxa_throw
                0x10006490       0x34 c:/vsarm/armcc/102021~1.10/bin/../lib/gcc/arm-none-eabi/10.3.1/../../../../arm-none-eabi/lib/thumb/v6-m/nofp\libstdc++.a(eh_throw.o)
                0x10006490                __cxa_throw
 .text.__cxa_rethrow
                0x100064c4       0x70 c:/vsarm/armcc/102021~1.10/bin/../lib/gcc/arm-none-eabi/10.3.1/../../../../arm-none-eabi/lib/thumb/v6-m/nofp\libstdc++.a(eh_throw.o)
                0x100064c4                __cxa_rethrow
 .text._ZN10__cxxabiv120__si_class_type_infoD2Ev
                0x10006534       0x18 c:/vsarm/armcc/102021~1.10/bin/../lib/gcc/arm-none-eabi/10.3.1/../../../../arm-none-eabi/lib/thumb/v6-m/nofp\libstdc++.a(si_class_type_info.o)
                0x10006534                __cxxabiv1::__si_class_type_info::~__si_class_type_info()
                0x10006534                __cxxabiv1::__si_class_type_info::~__si_class_type_info()
 .text._ZN10__cxxabiv120__si_class_type_infoD0Ev
                0x1000654c       0x20 c:/vsarm/armcc/102021~1.10/bin/../lib/gcc/arm-none-eabi/10.3.1/../../../../arm-none-eabi/lib/thumb/v6-m/nofp\libstdc++.a(si_class_type_info.o)
                0x1000654c                __cxxabiv1::__si_class_type_info::~__si_class_type_info()
 .text._ZNK10__cxxabiv120__si_class_type_info20__do_find_public_srcEiPKvPKNS_17__class_type_infoES2_
                0x1000656c       0x38 c:/vsarm/armcc/102021~1.10/bin/../lib/gcc/arm-none-eabi/10.3.1/../../../../arm-none-eabi/lib/thumb/v6-m/nofp\libstdc++.a(si_class_type_info.o)
                0x1000656c                __cxxabiv1::__si_class_type_info::__do_find_public_src(int, void const*, __cxxabiv1::__class_type_info const*, void const*) const
 .text._ZNK10__cxxabiv120__si_class_type_info12__do_dyncastEiNS_17__class_type_info10__sub_kindEPKS1_PKvS4_S6_RNS1_16__dyncast_resultE
                0x100065a4       0x9c c:/vsarm/armcc/102021~1.10/bin/../lib/gcc/arm-none-eabi/10.3.1/../../../../arm-none-eabi/lib/thumb/v6-m/nofp\libstdc++.a(si_class_type_info.o)
                0x100065a4                __cxxabiv1::__si_class_type_info::__do_dyncast(int, __cxxabiv1::__class_type_info::__sub_kind, __cxxabiv1::__class_type_info const*, void const*, __cxxabiv1::__class_type_info const*, void const*, __cxxabiv1::__class_type_info::__dyncast_result&) const
 .text._ZNK10__cxxabiv120__si_class_type_info11__do_upcastEPKNS_17__class_type_infoEPKvRNS1_15__upcast_resultE
                0x10006640       0x24 c:/vsarm/armcc/102021~1.10/bin/../lib/gcc/arm-none-eabi/10.3.1/../../../../arm-none-eabi/lib/thumb/v6-m/nofp\libstdc++.a(si_class_type_info.o)
                0x10006640                __cxxabiv1::__si_class_type_info::__do_upcast(__cxxabiv1::__class_type_info const*, void const*, __cxxabiv1::__class_type_info::__upcast_result&) const
 .text._ZNSt9type_infoD2Ev
                0x10006664        0x4 c:/vsarm/armcc/102021~1.10/bin/../lib/gcc/arm-none-eabi/10.3.1/../../../../arm-none-eabi/lib/thumb/v6-m/nofp\libstdc++.a(tinfo.o)
                0x10006664                std::type_info::~type_info()
                0x10006664                std::type_info::~type_info()
 .text._ZNKSt9type_info14__is_pointer_pEv
                0x10006668        0x4 c:/vsarm/armcc/102021~1.10/bin/../lib/gcc/arm-none-eabi/10.3.1/../../../../arm-none-eabi/lib/thumb/v6-m/nofp\libstdc++.a(tinfo.o)
                0x10006668                std::type_info::__is_pointer_p() const
                0x10006668                std::type_info::__is_function_p() const
 .text._ZNKSt9type_infoeqERKS_
                0x1000666c       0x30 c:/vsarm/armcc/102021~1.10/bin/../lib/gcc/arm-none-eabi/10.3.1/../../../../arm-none-eabi/lib/thumb/v6-m/nofp\libstdc++.a(tinfo.o)
                0x1000666c                std::type_info::operator==(std::type_info const&) const
 .text._ZN9__gnu_cxx27__verbose_terminate_handlerEv
                0x1000669c      0x114 c:/vsarm/armcc/102021~1.10/bin/../lib/gcc/arm-none-eabi/10.3.1/../../../../arm-none-eabi/lib/thumb/v6-m/nofp\libstdc++.a(vterminate.o)
                0x1000669c                __gnu_cxx::__verbose_terminate_handler()
 .text._ZNKSt11logic_error4whatEv
                0x100067b0        0x4 c:/vsarm/armcc/102021~1.10/bin/../lib/gcc/arm-none-eabi/10.3.1/../../../../arm-none-eabi/lib/thumb/v6-m/nofp\libstdc++.a(stdexcept.o)
                0x100067b0                std::logic_error::what() const
                0x100067b0                std::runtime_error::what() const
 .text._ZNSt11logic_errorD2Ev
                0x100067b4       0x40 c:/vsarm/armcc/102021~1.10/bin/../lib/gcc/arm-none-eabi/10.3.1/../../../../arm-none-eabi/lib/thumb/v6-m/nofp\libstdc++.a(stdexcept.o)
                0x100067b4                std::logic_error::~logic_error()
                0x100067b4                std::logic_error::~logic_error()
 .text._ZNSt12length_errorD2Ev
                0x100067f4       0x40 c:/vsarm/armcc/102021~1.10/bin/../lib/gcc/arm-none-eabi/10.3.1/../../../../arm-none-eabi/lib/thumb/v6-m/nofp\libstdc++.a(stdexcept.o)
                0x100067f4                std::length_error::~length_error()
                0x100067f4                std::length_error::~length_error()
 .text._ZNSt11logic_errorD0Ev
                0x10006834       0x48 c:/vsarm/armcc/102021~1.10/bin/../lib/gcc/arm-none-eabi/10.3.1/../../../../arm-none-eabi/lib/thumb/v6-m/nofp\libstdc++.a(stdexcept.o)
                0x10006834                std::logic_error::~logic_error()
 .text._ZNSt12length_errorD0Ev
                0x1000687c       0x48 c:/vsarm/armcc/102021~1.10/bin/../lib/gcc/arm-none-eabi/10.3.1/../../../../arm-none-eabi/lib/thumb/v6-m/nofp\libstdc++.a(stdexcept.o)
                0x1000687c                std::length_error::~length_error()
 .text._ZNSt11logic_errorC2EPKc
                0x100068c4       0x88 c:/vsarm/armcc/102021~1.10/bin/../lib/gcc/arm-none-eabi/10.3.1/../../../../arm-none-eabi/lib/thumb/v6-m/nofp\libstdc++.a(cow-stdexcept.o)
                0x100068c4                std::logic_error::logic_error(char const*)
                0x100068c4                std::logic_error::logic_error(char const*)
 .text._ZNSt12length_errorC2EPKc
                0x1000694c       0x14 c:/vsarm/armcc/102021~1.10/bin/../lib/gcc/arm-none-eabi/10.3.1/../../../../arm-none-eabi/lib/thumb/v6-m/nofp\libstdc++.a(cow-stdexcept.o)
                0x1000694c                std::length_error::length_error(char const*)
                0x1000694c                std::length_error::length_error(char const*)
 .text._ZNSs4_Rep9_S_createEjjRKSaIcE
                0x10006960       0x78 c:/vsarm/armcc/102021~1.10/bin/../lib/gcc/arm-none-eabi/10.3.1/../../../../arm-none-eabi/lib/thumb/v6-m/nofp\libstdc++.a(cow-string-inst.o)
                0x10006960                std::string::_Rep::_S_create(unsigned int, unsigned int, std::allocator<char> const&)
 .text._ZNSs4_Rep10_M_destroyERKSaIcE
                0x100069d8        0x8 c:/vsarm/armcc/102021~1.10/bin/../lib/gcc/arm-none-eabi/10.3.1/../../../../arm-none-eabi/lib/thumb/v6-m/nofp\libstdc++.a(cow-string-inst.o)
                0x100069d8                std::string::_Rep::_M_destroy(std::allocator<char> const&)
 .text._ZNK10__cxxabiv117__class_type_info11__do_upcastEPKS0_PPv
                0x100069e0       0x34 c:/vsarm/armcc/102021~1.10/bin/../lib/gcc/arm-none-eabi/10.3.1/../../../../arm-none-eabi/lib/thumb/v6-m/nofp\libstdc++.a(class_type_info.o)
                0x100069e0                __cxxabiv1::__class_type_info::__do_upcast(__cxxabiv1::__class_type_info const*, void**) const
 .text._ZNK10__cxxabiv117__class_type_info20__do_find_public_srcEiPKvPKS0_S2_
                0x10006a14       0x14 c:/vsarm/armcc/102021~1.10/bin/../lib/gcc/arm-none-eabi/10.3.1/../../../../arm-none-eabi/lib/thumb/v6-m/nofp\libstdc++.a(class_type_info.o)
                0x10006a14                __cxxabiv1::__class_type_info::__do_find_public_src(int, void const*, __cxxabiv1::__class_type_info const*, void const*) const
 .text._ZN10__cxxabiv117__class_type_infoD2Ev
                0x10006a28       0x18 c:/vsarm/armcc/102021~1.10/bin/../lib/gcc/arm-none-eabi/10.3.1/../../../../arm-none-eabi/lib/thumb/v6-m/nofp\libstdc++.a(class_type_info.o)
                0x10006a28                __cxxabiv1::__class_type_info::~__class_type_info()
                0x10006a28                __cxxabiv1::__class_type_info::~__class_type_info()
 .text._ZN10__cxxabiv117__class_type_infoD0Ev
                0x10006a40       0x20 c:/vsarm/armcc/102021~1.10/bin/../lib/gcc/arm-none-eabi/10.3.1/../../../../arm-none-eabi/lib/thumb/v6-m/nofp\libstdc++.a(class_type_info.o)
                0x10006a40                __cxxabiv1::__class_type_info::~__class_type_info()
 .text._ZNK10__cxxabiv117__class_type_info12__do_dyncastEiNS0_10__sub_kindEPKS0_PKvS3_S5_RNS0_16__dyncast_resultE
                0x10006a60       0x40 c:/vsarm/armcc/102021~1.10/bin/../lib/gcc/arm-none-eabi/10.3.1/../../../../arm-none-eabi/lib/thumb/v6-m/nofp\libstdc++.a(class_type_info.o)
                0x10006a60                __cxxabiv1::__class_type_info::__do_dyncast(int, __cxxabiv1::__class_type_info::__sub_kind, __cxxabiv1::__class_type_info const*, void const*, __cxxabiv1::__class_type_info const*, void const*, __cxxabiv1::__class_type_info::__dyncast_result&) const
 .text._ZNK10__cxxabiv117__class_type_info11__do_upcastEPKS0_PKvRNS0_15__upcast_resultE
                0x10006aa0       0x1c c:/vsarm/armcc/102021~1.10/bin/../lib/gcc/arm-none-eabi/10.3.1/../../../../arm-none-eabi/lib/thumb/v6-m/nofp\libstdc++.a(class_type_info.o)
                0x10006aa0                __cxxabiv1::__class_type_info::__do_upcast(__cxxabiv1::__class_type_info const*, void const*, __cxxabiv1::__class_type_info::__upcast_result&) const
 .text._ZNK10__cxxabiv117__class_type_info10__do_catchEPKSt9type_infoPPvj
                0x10006abc       0x24 c:/vsarm/armcc/102021~1.10/bin/../lib/gcc/arm-none-eabi/10.3.1/../../../../arm-none-eabi/lib/thumb/v6-m/nofp\libstdc++.a(class_type_info.o)
                0x10006abc                __cxxabiv1::__class_type_info::__do_catch(std::type_info const*, void**, unsigned int) const
 .text          0x10006ae0     0x67e4 c:/vsarm/armcc/102021~1.10/bin/../lib/gcc/arm-none-eabi/10.3.1/../../../../arm-none-eabi/lib/thumb/v6-m/nofp\libstdc++.a(cp-demangle.o)
                0x1000d1d0                __cxa_demangle
                0x1000d2a4                __gcclibcxx_demangle_callback
 .text._ZN10__cxxabiv1L24__is_gxx_exception_classEPc
                0x1000d2c4       0x3c c:/vsarm/armcc/102021~1.10/bin/../lib/gcc/arm-none-eabi/10.3.1/../../../../arm-none-eabi/lib/thumb/v6-m/nofp\libstdc++.a(eh_call.o)
 .text.__cxa_call_terminate
                0x1000d300       0x20 c:/vsarm/armcc/102021~1.10/bin/../lib/gcc/arm-none-eabi/10.3.1/../../../../arm-none-eabi/lib/thumb/v6-m/nofp\libstdc++.a(eh_call.o)
                0x1000d300                __cxa_call_terminate
 .text.unlikely.__cxa_call_unexpected
                0x1000d320      0x100 c:/vsarm/armcc/102021~1.10/bin/../lib/gcc/arm-none-eabi/10.3.1/../../../../arm-none-eabi/lib/thumb/v6-m/nofp\libstdc++.a(eh_call.o)
                0x1000d320                __cxa_call_unexpected
 .text.__cxa_begin_catch
                0x1000d420       0x74 c:/vsarm/armcc/102021~1.10/bin/../lib/gcc/arm-none-eabi/10.3.1/../../../../arm-none-eabi/lib/thumb/v6-m/nofp\libstdc++.a(eh_catch.o)
                0x1000d420                __cxa_begin_catch
 .text.__cxa_end_catch
                0x1000d494       0x90 c:/vsarm/armcc/102021~1.10/bin/../lib/gcc/arm-none-eabi/10.3.1/../../../../arm-none-eabi/lib/thumb/v6-m/nofp\libstdc++.a(eh_catch.o)
                0x1000d494                __cxa_end_catch
 .text.__cxa_current_exception_type
                0x1000d524       0x20 c:/vsarm/armcc/102021~1.10/bin/../lib/gcc/arm-none-eabi/10.3.1/../../../../arm-none-eabi/lib/thumb/v6-m/nofp\libstdc++.a(eh_type.o)
                0x1000d524                __cxa_current_exception_type
 .text.abort    0x1000d544       0x10 c:/vsarm/armcc/102021~1.10/bin/../lib/gcc/arm-none-eabi/10.3.1/../../../../arm-none-eabi/lib/thumb/v6-m/nofp\libc.a(lib_a-abort.o)
                0x1000d544                abort
 .text.__sflush_r
                0x1000d554      0x140 c:/vsarm/armcc/102021~1.10/bin/../lib/gcc/arm-none-eabi/10.3.1/../../../../arm-none-eabi/lib/thumb/v6-m/nofp\libc.a(lib_a-fflush.o)
                0x1000d554                __sflush_r
 .text._fflush_r
                0x1000d694       0x6c c:/vsarm/armcc/102021~1.10/bin/../lib/gcc/arm-none-eabi/10.3.1/../../../../arm-none-eabi/lib/thumb/v6-m/nofp\libc.a(lib_a-fflush.o)
                0x1000d694                _fflush_r
 .text._cleanup_r
                0x1000d700       0x10 c:/vsarm/armcc/102021~1.10/bin/../lib/gcc/arm-none-eabi/10.3.1/../../../../arm-none-eabi/lib/thumb/v6-m/nofp\libc.a(lib_a-findfp.o)
                0x1000d700                _cleanup_r
 .text.__sinit  0x1000d710      0x120 c:/vsarm/armcc/102021~1.10/bin/../lib/gcc/arm-none-eabi/10.3.1/../../../../arm-none-eabi/lib/thumb/v6-m/nofp\libc.a(lib_a-findfp.o)
                0x1000d710                __sinit
 .text.__sfp_lock_acquire
                0x1000d830       0x10 c:/vsarm/armcc/102021~1.10/bin/../lib/gcc/arm-none-eabi/10.3.1/../../../../arm-none-eabi/lib/thumb/v6-m/nofp\libc.a(lib_a-findfp.o)
                0x1000d830                __sfp_lock_acquire
 .text.__sfp_lock_release
                0x1000d840       0x10 c:/vsarm/armcc/102021~1.10/bin/../lib/gcc/arm-none-eabi/10.3.1/../../../../arm-none-eabi/lib/thumb/v6-m/nofp\libc.a(lib_a-findfp.o)
                0x1000d840                __sfp_lock_release
 .text.fputc    0x1000d850       0x58 c:/vsarm/armcc/102021~1.10/bin/../lib/gcc/arm-none-eabi/10.3.1/../../../../arm-none-eabi/lib/thumb/v6-m/nofp\libc.a(lib_a-fputc.o)
                0x1000d850                fputc
 .text._fputs_r
                0x1000d8a8       0x8c c:/vsarm/armcc/102021~1.10/bin/../lib/gcc/arm-none-eabi/10.3.1/../../../../arm-none-eabi/lib/thumb/v6-m/nofp\libc.a(lib_a-fputs.o)
                0x1000d8a8                _fputs_r
 .text.fputs    0x1000d934       0x18 c:/vsarm/armcc/102021~1.10/bin/../lib/gcc/arm-none-eabi/10.3.1/../../../../arm-none-eabi/lib/thumb/v6-m/nofp\libc.a(lib_a-fputs.o)
                0x1000d934                fputs
 .text._malloc_trim_r
                0x1000d94c       0x9c c:/vsarm/armcc/102021~1.10/bin/../lib/gcc/arm-none-eabi/10.3.1/../../../../arm-none-eabi/lib/thumb/v6-m/nofp\libc.a(lib_a-freer.o)
                0x1000d94c                _malloc_trim_r
 .text._free_r  0x1000d9e8      0x1c4 c:/vsarm/armcc/102021~1.10/bin/../lib/gcc/arm-none-eabi/10.3.1/../../../../arm-none-eabi/lib/thumb/v6-m/nofp\libc.a(lib_a-freer.o)
                0x1000d9e8                _free_r
 .text.__sfvwrite_r
                0x1000dbac      0x2f4 c:/vsarm/armcc/102021~1.10/bin/../lib/gcc/arm-none-eabi/10.3.1/../../../../arm-none-eabi/lib/thumb/v6-m/nofp\libc.a(lib_a-fvwrite.o)
                0x1000dbac                __sfvwrite_r
 .text._fwalk_reent
                0x1000dea0       0x48 c:/vsarm/armcc/102021~1.10/bin/../lib/gcc/arm-none-eabi/10.3.1/../../../../arm-none-eabi/lib/thumb/v6-m/nofp\libc.a(lib_a-fwalk.o)
                0x1000dea0                _fwalk_reent
 .text._fwrite_r
                0x1000dee8       0xb0 c:/vsarm/armcc/102021~1.10/bin/../lib/gcc/arm-none-eabi/10.3.1/../../../../arm-none-eabi/lib/thumb/v6-m/nofp\libc.a(lib_a-fwrite.o)
                0x1000dee8                _fwrite_r
 .text.fwrite   0x1000df98       0x20 c:/vsarm/armcc/102021~1.10/bin/../lib/gcc/arm-none-eabi/10.3.1/../../../../arm-none-eabi/lib/thumb/v6-m/nofp\libc.a(lib_a-fwrite.o)
                0x1000df98                fwrite
 .text.__retarget_lock_init_recursive
                0x1000dfb8        0x4 c:/vsarm/armcc/102021~1.10/bin/../lib/gcc/arm-none-eabi/10.3.1/../../../../arm-none-eabi/lib/thumb/v6-m/nofp\libc.a(lib_a-lock.o)
                0x1000dfb8                __retarget_lock_init_recursive
 .text.__retarget_lock_close_recursive
                0x1000dfbc        0x4 c:/vsarm/armcc/102021~1.10/bin/../lib/gcc/arm-none-eabi/10.3.1/../../../../arm-none-eabi/lib/thumb/v6-m/nofp\libc.a(lib_a-lock.o)
                0x1000dfbc                __retarget_lock_close_recursive
 .text.__retarget_lock_acquire_recursive
                0x1000dfc0        0x4 c:/vsarm/armcc/102021~1.10/bin/../lib/gcc/arm-none-eabi/10.3.1/../../../../arm-none-eabi/lib/thumb/v6-m/nofp\libc.a(lib_a-lock.o)
                0x1000dfc0                __retarget_lock_acquire_recursive
 .text.__retarget_lock_release_recursive
                0x1000dfc4        0x4 c:/vsarm/armcc/102021~1.10/bin/../lib/gcc/arm-none-eabi/10.3.1/../../../../arm-none-eabi/lib/thumb/v6-m/nofp\libc.a(lib_a-lock.o)
                0x1000dfc4                __retarget_lock_release_recursive
 .text.malloc   0x1000dfc8       0x14 c:/vsarm/armcc/102021~1.10/bin/../lib/gcc/arm-none-eabi/10.3.1/../../../../arm-none-eabi/lib/thumb/v6-m/nofp\libc.a(lib_a-malloc.o)
                0x1000dfc8                malloc
 .text.free     0x1000dfdc       0x14 c:/vsarm/armcc/102021~1.10/bin/../lib/gcc/arm-none-eabi/10.3.1/../../../../arm-none-eabi/lib/thumb/v6-m/nofp\libc.a(lib_a-malloc.o)
                0x1000dfdc                free
 .text._malloc_r
                0x1000dff0      0x584 c:/vsarm/armcc/102021~1.10/bin/../lib/gcc/arm-none-eabi/10.3.1/../../../../arm-none-eabi/lib/thumb/v6-m/nofp\libc.a(lib_a-mallocr.o)
                0x1000dff0                _malloc_r
 .text.__malloc_lock
                0x1000e574       0x10 c:/vsarm/armcc/102021~1.10/bin/../lib/gcc/arm-none-eabi/10.3.1/../../../../arm-none-eabi/lib/thumb/v6-m/nofp\libc.a(lib_a-mlock.o)
                0x1000e574                __malloc_lock
 .text.__malloc_unlock
                0x1000e584       0x10 c:/vsarm/armcc/102021~1.10/bin/../lib/gcc/arm-none-eabi/10.3.1/../../../../arm-none-eabi/lib/thumb/v6-m/nofp\libc.a(lib_a-mlock.o)
                0x1000e584                __malloc_unlock
 .text._putc_r  0x1000e594       0x74 c:/vsarm/armcc/102021~1.10/bin/../lib/gcc/arm-none-eabi/10.3.1/../../../../arm-none-eabi/lib/thumb/v6-m/nofp\libc.a(lib_a-putc.o)
                0x1000e594                _putc_r
 .text.realloc  0x1000e608       0x18 c:/vsarm/armcc/102021~1.10/bin/../lib/gcc/arm-none-eabi/10.3.1/../../../../arm-none-eabi/lib/thumb/v6-m/nofp\libc.a(lib_a-realloc.o)
                0x1000e608                realloc
 .text._realloc_r
                0x1000e620      0x354 c:/vsarm/armcc/102021~1.10/bin/../lib/gcc/arm-none-eabi/10.3.1/../../../../arm-none-eabi/lib/thumb/v6-m/nofp\libc.a(lib_a-reallocr.o)
                0x1000e620                _realloc_r
 .text._sbrk_r  0x1000e974       0x24 c:/vsarm/armcc/102021~1.10/bin/../lib/gcc/arm-none-eabi/10.3.1/../../../../arm-none-eabi/lib/thumb/v6-m/nofp\libc.a(lib_a-sbrkr.o)
                0x1000e974                _sbrk_r
 .text.raise    0x1000e998       0x60 c:/vsarm/armcc/102021~1.10/bin/../lib/gcc/arm-none-eabi/10.3.1/../../../../arm-none-eabi/lib/thumb/v6-m/nofp\libc.a(lib_a-signal.o)
                0x1000e998                raise
 .text._kill_r  0x1000e9f8       0x28 c:/vsarm/armcc/102021~1.10/bin/../lib/gcc/arm-none-eabi/10.3.1/../../../../arm-none-eabi/lib/thumb/v6-m/nofp\libc.a(lib_a-signalr.o)
                0x1000e9f8                _kill_r
 .text._getpid_r
                0x1000ea20        0x8 c:/vsarm/armcc/102021~1.10/bin/../lib/gcc/arm-none-eabi/10.3.1/../../../../arm-none-eabi/lib/thumb/v6-m/nofp\libc.a(lib_a-signalr.o)
                0x1000ea20                _getpid_r
 .text.__sread  0x1000ea28       0x28 c:/vsarm/armcc/102021~1.10/bin/../lib/gcc/arm-none-eabi/10.3.1/../../../../arm-none-eabi/lib/thumb/v6-m/nofp\libc.a(lib_a-stdio.o)
                0x1000ea28                __sread
 .text.__swrite
                0x1000ea50       0x40 c:/vsarm/armcc/102021~1.10/bin/../lib/gcc/arm-none-eabi/10.3.1/../../../../arm-none-eabi/lib/thumb/v6-m/nofp\libc.a(lib_a-stdio.o)
                0x1000ea50                __swrite
 .text.__sseek  0x1000ea90       0x2c c:/vsarm/armcc/102021~1.10/bin/../lib/gcc/arm-none-eabi/10.3.1/../../../../arm-none-eabi/lib/thumb/v6-m/nofp\libc.a(lib_a-stdio.o)
                0x1000ea90                __sseek
 .text.__sclose
                0x1000eabc        0xc c:/vsarm/armcc/102021~1.10/bin/../lib/gcc/arm-none-eabi/10.3.1/../../../../arm-none-eabi/lib/thumb/v6-m/nofp\libc.a(lib_a-stdio.o)
                0x1000eabc                __sclose
 .text          0x1000eac8       0x88 c:/vsarm/armcc/102021~1.10/bin/../lib/gcc/arm-none-eabi/10.3.1/../../../../arm-none-eabi/lib/thumb/v6-m/nofp\libc.a(lib_a-strcmp.o)
                0x1000eac8                strcmp
 .text.strlen   0x1000eb50       0x5c c:/vsarm/armcc/102021~1.10/bin/../lib/gcc/arm-none-eabi/10.3.1/../../../../arm-none-eabi/lib/thumb/v6-m/nofp\libc.a(lib_a-strlen-stub.o)
                0x1000eb50                strlen
 .text.strncmp  0x1000ebac       0x74 c:/vsarm/armcc/102021~1.10/bin/../lib/gcc/arm-none-eabi/10.3.1/../../../../arm-none-eabi/lib/thumb/v6-m/nofp\libc.a(lib_a-strncmp.o)
                0x1000ebac                strncmp
 .text.__swbuf_r
                0x1000ec20       0xc8 c:/vsarm/armcc/102021~1.10/bin/../lib/gcc/arm-none-eabi/10.3.1/../../../../arm-none-eabi/lib/thumb/v6-m/nofp\libc.a(lib_a-wbuf.o)
                0x1000ec20                __swbuf_r
 .text._write_r
                0x1000ece8       0x28 c:/vsarm/armcc/102021~1.10/bin/../lib/gcc/arm-none-eabi/10.3.1/../../../../arm-none-eabi/lib/thumb/v6-m/nofp\libc.a(lib_a-writer.o)
                0x1000ece8                _write_r
 .text.__swsetup_r
                0x1000ed10       0xdc c:/vsarm/armcc/102021~1.10/bin/../lib/gcc/arm-none-eabi/10.3.1/../../../../arm-none-eabi/lib/thumb/v6-m/nofp\libc.a(lib_a-wsetup.o)
                0x1000ed10                __swsetup_r
 .text._close_r
                0x1000edec       0x24 c:/vsarm/armcc/102021~1.10/bin/../lib/gcc/arm-none-eabi/10.3.1/../../../../arm-none-eabi/lib/thumb/v6-m/nofp\libc.a(lib_a-closer.o)
                0x1000edec                _close_r
 .text._fclose_r
                0x1000ee10       0xdc c:/vsarm/armcc/102021~1.10/bin/../lib/gcc/arm-none-eabi/10.3.1/../../../../arm-none-eabi/lib/thumb/v6-m/nofp\libc.a(lib_a-fclose.o)
                0x1000ee10                _fclose_r
 .text._lseek_r
                0x1000eeec       0x28 c:/vsarm/armcc/102021~1.10/bin/../lib/gcc/arm-none-eabi/10.3.1/../../../../arm-none-eabi/lib/thumb/v6-m/nofp\libc.a(lib_a-lseekr.o)
                0x1000eeec                _lseek_r
 .text.__smakebuf_r
                0x1000ef14       0xe4 c:/vsarm/armcc/102021~1.10/bin/../lib/gcc/arm-none-eabi/10.3.1/../../../../arm-none-eabi/lib/thumb/v6-m/nofp\libc.a(lib_a-makebuf.o)
                0x1000ef14                __smakebuf_r
 .text._read_r  0x1000eff8       0x28 c:/vsarm/armcc/102021~1.10/bin/../lib/gcc/arm-none-eabi/10.3.1/../../../../arm-none-eabi/lib/thumb/v6-m/nofp\libc.a(lib_a-readr.o)
                0x1000eff8                _read_r
 .text._fstat_r
                0x1000f020       0x28 c:/vsarm/armcc/102021~1.10/bin/../lib/gcc/arm-none-eabi/10.3.1/../../../../arm-none-eabi/lib/thumb/v6-m/nofp\libc.a(lib_a-fstatr.o)
                0x1000f020                _fstat_r
 .text._isatty_r
                0x1000f048       0x24 c:/vsarm/armcc/102021~1.10/bin/../lib/gcc/arm-none-eabi/10.3.1/../../../../arm-none-eabi/lib/thumb/v6-m/nofp\libc.a(lib_a-isattyr.o)
                0x1000f048                _isatty_r
 *(.fini)
 .fini          0x1000f06c        0x4 c:/vsarm/armcc/102021~1.10/bin/../lib/gcc/arm-none-eabi/10.3.1/thumb/v6-m/nofp/crti.o
                0x1000f06c                _fini
 .fini.__stub   0x1000f070      0x1c0 linker stubs
 *crtbegin.o(.ctors)
 *crtbegin?.o(.ctors)
 *(EXCLUDE_FILE(*crtend.o *crtend?.o) .ctors)
 *(SORT_BY_NAME(.ctors.*))
 *(.ctors)
 *crtbegin.o(.dtors)
 *crtbegin?.o(.dtors)
 *(EXCLUDE_FILE(*crtend.o *crtend?.o) .dtors)
 *(SORT_BY_NAME(.dtors.*))
 *(.dtors)
 *(.eh_frame*)
 .eh_frame      0x1000f230        0x0 c:/vsarm/armcc/102021~1.10/bin/../lib/gcc/arm-none-eabi/10.3.1/thumb/v6-m/nofp/crtbegin.o
                0x1000f230                . = ALIGN (0x4)

.glue_7         0x1000f230        0x0
 .glue_7        0x1000f230        0x0 linker stubs

.glue_7t        0x1000f230        0x0
 .glue_7t       0x1000f230        0x0 linker stubs

.vfp11_veneer   0x1000f230        0x0
 .vfp11_veneer  0x1000f230        0x0 linker stubs

.v4_bx          0x1000f230        0x0
 .v4_bx         0x1000f230        0x0 linker stubs

.iplt           0x1000f230        0x0
 .iplt          0x1000f230        0x0 c:/vsarm/armcc/102021~1.10/bin/../lib/gcc/arm-none-eabi/10.3.1/thumb/v6-m/nofp/crtbegin.o

.rodata         0x1000f230     0x22f8
 *(EXCLUDE_FILE(*libm.a: *libc.a:*lib_a-mem*.o *libgcc.a:) .rodata*)
 .rodata._ZNSt6vectorI6ButtonSaIS0_EE17_M_realloc_insertIJRKS0_EEEvN9__gnu_cxx17__normal_iteratorIPS0_S2_EEDpOT_.str1.4
                0x1000f230       0x1a CMakeFiles/main.dir/main.cpp.obj
 *fill*         0x1000f24a        0x2 
 .rodata.str1.4
                0x1000f24c       0x1f CMakeFiles/main.dir/usb_descriptors.c.obj
 *fill*         0x1000f26b        0x1 
 .rodata.__compound_literal.0
                0x1000f26c        0x2 CMakeFiles/main.dir/usb_descriptors.c.obj
 *fill*         0x1000f26e        0x2 
 .rodata.desc_configuration
                0x1000f270       0x22 CMakeFiles/main.dir/usb_descriptors.c.obj
                0x1000f270                desc_configuration
 *fill*         0x1000f292        0x2 
 .rodata.desc_device
                0x1000f294       0x12 CMakeFiles/main.dir/usb_descriptors.c.obj
                0x1000f294                desc_device
 *fill*         0x1000f2a6        0x2 
 .rodata.desc_hid_report
                0x1000f2a8       0xef CMakeFiles/main.dir/usb_descriptors.c.obj
                0x1000f2a8                desc_hid_report
 *fill*         0x1000f397        0x1 
 .rodata.spin_lock_claim_unused.str1.4
                0x1000f398       0x1b CMakeFiles/main.dir/pico-sdk/src/rp2_common/hardware_sync/sync.c.obj
 *fill*         0x1000f3b3        0x5 
 .rodata.at_the_end_of_time
                0x1000f3b8        0x8 CMakeFiles/main.dir/pico-sdk/src/common/pico_time/time.c.obj
                0x1000f3b8                at_the_end_of_time
 .rodata.hardware_alarm_claim.str1.4
                0x1000f3c0       0x22 CMakeFiles/main.dir/pico-sdk/src/rp2_common/hardware_timer/timer.c.obj
 *fill*         0x1000f3e2        0x2 
 .rodata.panic.str1.4
                0x1000f3e4       0x10 CMakeFiles/main.dir/pico-sdk/src/rp2_common/pico_runtime/runtime.c.obj
                                 0x12 (size before relaxing)
 .rodata.hard_assertion_failure.str1.4
                0x1000f3f4        0xc CMakeFiles/main.dir/pico-sdk/src/rp2_common/pico_runtime/runtime.c.obj
 .rodata._ftoa.str1.4
                0x1000f400       0x15 CMakeFiles/main.dir/pico-sdk/src/rp2_common/pico_printf/printf.c.obj
 *fill*         0x1000f415        0x3 
 .rodata._vsnprintf
                0x1000f418      0x1e0 CMakeFiles/main.dir/pico-sdk/src/rp2_common/pico_printf/printf.c.obj
 .rodata.pow10.0
                0x1000f5f8       0x50 CMakeFiles/main.dir/pico-sdk/src/rp2_common/pico_printf/printf.c.obj
 .rodata.missing_double_func_shim.str1.4
                0x1000f648       0x18 CMakeFiles/main.dir/pico-sdk/src/rp2_common/pico_double/double_init_rom.c.obj
 .rodata.missing_float_func_shim.str1.4
                0x1000f660       0x18 CMakeFiles/main.dir/pico-sdk/src/rp2_common/pico_float/float_init_rom.c.obj
                                  0x1 (size before relaxing)
 .rodata.__wrap_malloc.str1.4
                0x1000f660        0xe CMakeFiles/main.dir/pico-sdk/src/rp2_common/pico_malloc/pico_malloc.c.obj
 *fill*         0x1000f66e        0x2 
 .rodata.str1.4
                0x1000f670       0x3c CMakeFiles/main.dir/pico-sdk/src/rp2_common/pico_standard_link/binary_info.c.obj
 .rodata.__bi_44
                0x1000f6ac        0xc CMakeFiles/main.dir/pico-sdk/src/rp2_common/pico_standard_link/binary_info.c.obj
 .rodata.__bi_75
                0x1000f6b8        0xc CMakeFiles/main.dir/pico-sdk/src/rp2_common/pico_standard_link/binary_info.c.obj
 .rodata.__bi_81
                0x1000f6c4        0xc CMakeFiles/main.dir/pico-sdk/src/rp2_common/pico_standard_link/binary_info.c.obj
 .rodata.crlf_str.0
                0x1000f6d0        0x2 CMakeFiles/main.dir/pico-sdk/src/rp2_common/pico_stdio/stdio.c.obj
 *fill*         0x1000f6d2        0x2 
 .rodata.str1.4
                0x1000f6d4       0x14 CMakeFiles/main.dir/pico-sdk/lib/tinyusb/src/portable/raspberrypi/rp2040/dcd_rp2040.c.obj
 .rodata.str1.4
                0x1000f6e8       0x53 CMakeFiles/main.dir/pico-sdk/lib/tinyusb/src/portable/raspberrypi/rp2040/rp2040_usb.c.obj
 *fill*         0x1000f73b        0x1 
 .rodata.tud_task_ext
                0x1000f73c       0x8c CMakeFiles/main.dir/pico-sdk/lib/tinyusb/src/device/usbd.c.obj
 .rodata._usbd_driver
                0x1000f7c8       0x18 CMakeFiles/main.dir/pico-sdk/lib/tinyusb/src/device/usbd.c.obj
 .rodata.hidd_control_xfer_cb
                0x1000f7e0       0x30 CMakeFiles/main.dir/pico-sdk/lib/tinyusb/src/class/hid/hid_device.c.obj
 .rodata._ZNKSt9bad_alloc4whatEv.str1.4
                0x1000f810        0xf c:/vsarm/armcc/102021~1.10/bin/../lib/gcc/arm-none-eabi/10.3.1/../../../../arm-none-eabi/lib/thumb/v6-m/nofp\libstdc++.a(bad_alloc.o)
 *fill*         0x1000f81f        0x1 
 .rodata._ZTISt9bad_alloc
                0x1000f820        0xc c:/vsarm/armcc/102021~1.10/bin/../lib/gcc/arm-none-eabi/10.3.1/../../../../arm-none-eabi/lib/thumb/v6-m/nofp\libstdc++.a(bad_alloc.o)
                0x1000f820                typeinfo for std::bad_alloc
 .rodata._ZTSSt9bad_alloc
                0x1000f82c        0xd c:/vsarm/armcc/102021~1.10/bin/../lib/gcc/arm-none-eabi/10.3.1/../../../../arm-none-eabi/lib/thumb/v6-m/nofp\libstdc++.a(bad_alloc.o)
                0x1000f82c                typeinfo name for std::bad_alloc
 *fill*         0x1000f839        0x3 
 .rodata._ZTVSt9bad_alloc
                0x1000f83c       0x14 c:/vsarm/armcc/102021~1.10/bin/../lib/gcc/arm-none-eabi/10.3.1/../../../../arm-none-eabi/lib/thumb/v6-m/nofp\libstdc++.a(bad_alloc.o)
                0x1000f83c                vtable for std::bad_alloc
 .rodata._ZNKSt13bad_exception4whatEv.str1.4
                0x1000f850       0x13 c:/vsarm/armcc/102021~1.10/bin/../lib/gcc/arm-none-eabi/10.3.1/../../../../arm-none-eabi/lib/thumb/v6-m/nofp\libstdc++.a(eh_exception.o)
 *fill*         0x1000f863        0x1 
 .rodata._ZTIN10__cxxabiv115__forced_unwindE
                0x1000f864        0x8 c:/vsarm/armcc/102021~1.10/bin/../lib/gcc/arm-none-eabi/10.3.1/../../../../arm-none-eabi/lib/thumb/v6-m/nofp\libstdc++.a(eh_exception.o)
                0x1000f864                typeinfo for __cxxabiv1::__forced_unwind
 .rodata._ZTIN10__cxxabiv119__foreign_exceptionE
                0x1000f86c        0x8 c:/vsarm/armcc/102021~1.10/bin/../lib/gcc/arm-none-eabi/10.3.1/../../../../arm-none-eabi/lib/thumb/v6-m/nofp\libstdc++.a(eh_exception.o)
                0x1000f86c                typeinfo for __cxxabiv1::__foreign_exception
 .rodata._ZTISt13bad_exception
                0x1000f874        0xc c:/vsarm/armcc/102021~1.10/bin/../lib/gcc/arm-none-eabi/10.3.1/../../../../arm-none-eabi/lib/thumb/v6-m/nofp\libstdc++.a(eh_exception.o)
                0x1000f874                typeinfo for std::bad_exception
 .rodata._ZTISt9exception
                0x1000f880        0x8 c:/vsarm/armcc/102021~1.10/bin/../lib/gcc/arm-none-eabi/10.3.1/../../../../arm-none-eabi/lib/thumb/v6-m/nofp\libstdc++.a(eh_exception.o)
                0x1000f880                typeinfo for std::exception
 .rodata._ZTSN10__cxxabiv115__forced_unwindE
                0x1000f888       0x20 c:/vsarm/armcc/102021~1.10/bin/../lib/gcc/arm-none-eabi/10.3.1/../../../../arm-none-eabi/lib/thumb/v6-m/nofp\libstdc++.a(eh_exception.o)
                0x1000f888                typeinfo name for __cxxabiv1::__forced_unwind
 .rodata._ZTSN10__cxxabiv119__foreign_exceptionE
                0x1000f8a8       0x24 c:/vsarm/armcc/102021~1.10/bin/../lib/gcc/arm-none-eabi/10.3.1/../../../../arm-none-eabi/lib/thumb/v6-m/nofp\libstdc++.a(eh_exception.o)
                0x1000f8a8                typeinfo name for __cxxabiv1::__foreign_exception
 .rodata._ZTSSt13bad_exception
                0x1000f8cc       0x12 c:/vsarm/armcc/102021~1.10/bin/../lib/gcc/arm-none-eabi/10.3.1/../../../../arm-none-eabi/lib/thumb/v6-m/nofp\libstdc++.a(eh_exception.o)
                0x1000f8cc                typeinfo name for std::bad_exception
 *fill*         0x1000f8de        0x2 
 .rodata._ZTSSt9exception
                0x1000f8e0        0xd c:/vsarm/armcc/102021~1.10/bin/../lib/gcc/arm-none-eabi/10.3.1/../../../../arm-none-eabi/lib/thumb/v6-m/nofp\libstdc++.a(eh_exception.o)
                0x1000f8e0                typeinfo name for std::exception
 *fill*         0x1000f8ed        0x3 
 .rodata._ZTVSt13bad_exception
                0x1000f8f0       0x14 c:/vsarm/armcc/102021~1.10/bin/../lib/gcc/arm-none-eabi/10.3.1/../../../../arm-none-eabi/lib/thumb/v6-m/nofp\libstdc++.a(eh_exception.o)
                0x1000f8f0                vtable for std::bad_exception
 .rodata._ZL28read_encoded_value_with_basehjPKhPj
                0x1000f904       0x34 c:/vsarm/armcc/102021~1.10/bin/../lib/gcc/arm-none-eabi/10.3.1/../../../../arm-none-eabi/lib/thumb/v6-m/nofp\libstdc++.a(eh_personality.o)
 .rodata._ZTIN10__cxxabiv120__si_class_type_infoE
                0x1000f938        0xc c:/vsarm/armcc/102021~1.10/bin/../lib/gcc/arm-none-eabi/10.3.1/../../../../arm-none-eabi/lib/thumb/v6-m/nofp\libstdc++.a(si_class_type_info.o)
                0x1000f938                typeinfo for __cxxabiv1::__si_class_type_info
 .rodata._ZTSN10__cxxabiv120__si_class_type_infoE
                0x1000f944       0x25 c:/vsarm/armcc/102021~1.10/bin/../lib/gcc/arm-none-eabi/10.3.1/../../../../arm-none-eabi/lib/thumb/v6-m/nofp\libstdc++.a(si_class_type_info.o)
                0x1000f944                typeinfo name for __cxxabiv1::__si_class_type_info
 *fill*         0x1000f969        0x3 
 .rodata._ZTVN10__cxxabiv120__si_class_type_infoE
                0x1000f96c       0x2c c:/vsarm/armcc/102021~1.10/bin/../lib/gcc/arm-none-eabi/10.3.1/../../../../arm-none-eabi/lib/thumb/v6-m/nofp\libstdc++.a(si_class_type_info.o)
                0x1000f96c                vtable for __cxxabiv1::__si_class_type_info
 .rodata._ZTISt9type_info
                0x1000f998        0x8 c:/vsarm/armcc/102021~1.10/bin/../lib/gcc/arm-none-eabi/10.3.1/../../../../arm-none-eabi/lib/thumb/v6-m/nofp\libstdc++.a(tinfo.o)
                0x1000f998                typeinfo for std::type_info
 .rodata._ZTSSt9type_info
                0x1000f9a0        0xd c:/vsarm/armcc/102021~1.10/bin/../lib/gcc/arm-none-eabi/10.3.1/../../../../arm-none-eabi/lib/thumb/v6-m/nofp\libstdc++.a(tinfo.o)
                0x1000f9a0                typeinfo name for std::type_info
 *fill*         0x1000f9ad        0x3 
 .rodata._ZN9__gnu_cxx27__verbose_terminate_handlerEv.str1.4
                0x1000f9b0       0x94 c:/vsarm/armcc/102021~1.10/bin/../lib/gcc/arm-none-eabi/10.3.1/../../../../arm-none-eabi/lib/thumb/v6-m/nofp\libstdc++.a(vterminate.o)
 .rodata._ZTISt11logic_error
                0x1000fa44        0xc c:/vsarm/armcc/102021~1.10/bin/../lib/gcc/arm-none-eabi/10.3.1/../../../../arm-none-eabi/lib/thumb/v6-m/nofp\libstdc++.a(stdexcept.o)
                0x1000fa44                typeinfo for std::logic_error
 .rodata._ZTISt12length_error
                0x1000fa50        0xc c:/vsarm/armcc/102021~1.10/bin/../lib/gcc/arm-none-eabi/10.3.1/../../../../arm-none-eabi/lib/thumb/v6-m/nofp\libstdc++.a(stdexcept.o)
                0x1000fa50                typeinfo for std::length_error
 .rodata._ZTSSt11logic_error
                0x1000fa5c       0x10 c:/vsarm/armcc/102021~1.10/bin/../lib/gcc/arm-none-eabi/10.3.1/../../../../arm-none-eabi/lib/thumb/v6-m/nofp\libstdc++.a(stdexcept.o)
                0x1000fa5c                typeinfo name for std::logic_error
 .rodata._ZTSSt12length_error
                0x1000fa6c       0x11 c:/vsarm/armcc/102021~1.10/bin/../lib/gcc/arm-none-eabi/10.3.1/../../../../arm-none-eabi/lib/thumb/v6-m/nofp\libstdc++.a(stdexcept.o)
                0x1000fa6c                typeinfo name for std::length_error
 *fill*         0x1000fa7d        0x3 
 .rodata._ZTVSt11logic_error
                0x1000fa80       0x14 c:/vsarm/armcc/102021~1.10/bin/../lib/gcc/arm-none-eabi/10.3.1/../../../../arm-none-eabi/lib/thumb/v6-m/nofp\libstdc++.a(stdexcept.o)
                0x1000fa80                vtable for std::logic_error
 .rodata._ZTVSt12length_error
                0x1000fa94       0x14 c:/vsarm/armcc/102021~1.10/bin/../lib/gcc/arm-none-eabi/10.3.1/../../../../arm-none-eabi/lib/thumb/v6-m/nofp\libstdc++.a(stdexcept.o)
                0x1000fa94                vtable for std::length_error
 .rodata._ZNSt11logic_errorC2EPKc.str1.4
                0x1000faa8       0x2a c:/vsarm/armcc/102021~1.10/bin/../lib/gcc/arm-none-eabi/10.3.1/../../../../arm-none-eabi/lib/thumb/v6-m/nofp\libstdc++.a(cow-stdexcept.o)
 *fill*         0x1000fad2        0x2 
 .rodata._ZNSs4_Rep9_S_createEjjRKSaIcE.str1.4
                0x1000fad4       0x18 c:/vsarm/armcc/102021~1.10/bin/../lib/gcc/arm-none-eabi/10.3.1/../../../../arm-none-eabi/lib/thumb/v6-m/nofp\libstdc++.a(cow-string-inst.o)
 .rodata._ZTIN10__cxxabiv117__class_type_infoE
                0x1000faec        0xc c:/vsarm/armcc/102021~1.10/bin/../lib/gcc/arm-none-eabi/10.3.1/../../../../arm-none-eabi/lib/thumb/v6-m/nofp\libstdc++.a(class_type_info.o)
                0x1000faec                typeinfo for __cxxabiv1::__class_type_info
 .rodata._ZTSN10__cxxabiv117__class_type_infoE
                0x1000faf8       0x22 c:/vsarm/armcc/102021~1.10/bin/../lib/gcc/arm-none-eabi/10.3.1/../../../../arm-none-eabi/lib/thumb/v6-m/nofp\libstdc++.a(class_type_info.o)
                0x1000faf8                typeinfo name for __cxxabiv1::__class_type_info
 *fill*         0x1000fb1a        0x2 
 .rodata._ZTVN10__cxxabiv117__class_type_infoE
                0x1000fb1c       0x2c c:/vsarm/armcc/102021~1.10/bin/../lib/gcc/arm-none-eabi/10.3.1/../../../../arm-none-eabi/lib/thumb/v6-m/nofp\libstdc++.a(class_type_info.o)
                0x1000fb1c                vtable for __cxxabiv1::__class_type_info
 .rodata        0x1000fb48     0x1144 c:/vsarm/armcc/102021~1.10/bin/../lib/gcc/arm-none-eabi/10.3.1/../../../../arm-none-eabi/lib/thumb/v6-m/nofp\libstdc++.a(cp-demangle.o)
 .rodata.str1.4
                0x10010c8c      0x899 c:/vsarm/armcc/102021~1.10/bin/../lib/gcc/arm-none-eabi/10.3.1/../../../../arm-none-eabi/lib/thumb/v6-m/nofp\libstdc++.a(cp-demangle.o)
                                0x8e9 (size before relaxing)
                0x10011528                . = ALIGN (0x4)
 *fill*         0x10011525        0x3 
 *(SORT_BY_ALIGNMENT(SORT_BY_NAME(.flashdata*)))
                0x10011528                . = ALIGN (0x4)

.ARM.extab      0x10011528      0x14c
 *(.ARM.extab* .gnu.linkonce.armextab.*)
 .ARM.extab.text.unlikely._ZSt19__throw_logic_errorPKc
                0x10011528       0x14 c:/vsarm/armcc/102021~1.10/bin/../lib/gcc/arm-none-eabi/10.3.1/../../../../arm-none-eabi/lib/thumb/v6-m/nofp\libstdc++.a(functexcept.o)
 .ARM.extab.text.unlikely._ZSt20__throw_length_errorPKc
                0x1001153c       0x14 c:/vsarm/armcc/102021~1.10/bin/../lib/gcc/arm-none-eabi/10.3.1/../../../../arm-none-eabi/lib/thumb/v6-m/nofp\libstdc++.a(functexcept.o)
 .ARM.extab.text.__cxa_type_match
                0x10011550        0xc c:/vsarm/armcc/102021~1.10/bin/../lib/gcc/arm-none-eabi/10.3.1/../../../../arm-none-eabi/lib/thumb/v6-m/nofp\libstdc++.a(eh_arm.o)
 .ARM.extab.text._ZL28read_encoded_value_with_basehjPKhPj
                0x1001155c        0xc c:/vsarm/armcc/102021~1.10/bin/../lib/gcc/arm-none-eabi/10.3.1/../../../../arm-none-eabi/lib/thumb/v6-m/nofp\libstdc++.a(eh_personality.o)
 .ARM.extab.text.__gxx_personality_v0
                0x10011568       0x28 c:/vsarm/armcc/102021~1.10/bin/../lib/gcc/arm-none-eabi/10.3.1/../../../../arm-none-eabi/lib/thumb/v6-m/nofp\libstdc++.a(eh_personality.o)
 .ARM.extab.text._ZN10__cxxabiv111__terminateEPFvvE
                0x10011590       0x28 c:/vsarm/armcc/102021~1.10/bin/../lib/gcc/arm-none-eabi/10.3.1/../../../../arm-none-eabi/lib/thumb/v6-m/nofp\libstdc++.a(eh_terminate.o)
 .ARM.extab.text._ZNK10__cxxabiv120__si_class_type_info12__do_dyncastEiNS_17__class_type_info10__sub_kindEPKS1_PKvS4_S6_RNS1_16__dyncast_resultE
                0x100115b8        0xc c:/vsarm/armcc/102021~1.10/bin/../lib/gcc/arm-none-eabi/10.3.1/../../../../arm-none-eabi/lib/thumb/v6-m/nofp\libstdc++.a(si_class_type_info.o)
 .ARM.extab.text._ZN9__gnu_cxx27__verbose_terminate_handlerEv
                0x100115c4       0x34 c:/vsarm/armcc/102021~1.10/bin/../lib/gcc/arm-none-eabi/10.3.1/../../../../arm-none-eabi/lib/thumb/v6-m/nofp\libstdc++.a(vterminate.o)
 .ARM.extab.text._ZNSt11logic_errorC2EPKc
                0x100115f8       0x18 c:/vsarm/armcc/102021~1.10/bin/../lib/gcc/arm-none-eabi/10.3.1/../../../../arm-none-eabi/lib/thumb/v6-m/nofp\libstdc++.a(cow-stdexcept.o)
 .ARM.extab.text._ZNSs4_Rep9_S_createEjjRKSaIcE
                0x10011610        0x0 c:/vsarm/armcc/102021~1.10/bin/../lib/gcc/arm-none-eabi/10.3.1/../../../../arm-none-eabi/lib/thumb/v6-m/nofp\libstdc++.a(cow-string-inst.o)
 .ARM.extab.text._ZNSs4_Rep10_M_destroyERKSaIcE
                0x10011610        0x0 c:/vsarm/armcc/102021~1.10/bin/../lib/gcc/arm-none-eabi/10.3.1/../../../../arm-none-eabi/lib/thumb/v6-m/nofp\libstdc++.a(cow-string-inst.o)
 .ARM.extab.text.unlikely.__cxa_call_unexpected
                0x10011610       0x28 c:/vsarm/armcc/102021~1.10/bin/../lib/gcc/arm-none-eabi/10.3.1/../../../../arm-none-eabi/lib/thumb/v6-m/nofp\libstdc++.a(eh_call.o)
 .ARM.extab.text.__cxa_begin_catch
                0x10011638        0xc c:/vsarm/armcc/102021~1.10/bin/../lib/gcc/arm-none-eabi/10.3.1/../../../../arm-none-eabi/lib/thumb/v6-m/nofp\libstdc++.a(eh_catch.o)
 .ARM.extab     0x10011644       0x24 c:/vsarm/armcc/102021~1.10/bin/../lib/gcc/arm-none-eabi/10.3.1/thumb/v6-m/nofp\libgcc.a(unwind-arm.o)
 .ARM.extab     0x10011668        0xc c:/vsarm/armcc/102021~1.10/bin/../lib/gcc/arm-none-eabi/10.3.1/thumb/v6-m/nofp\libgcc.a(pr-support.o)
                0x10011674                __exidx_start = .

.ARM.exidx      0x10011674      0x1e0
 *(.ARM.exidx* .gnu.linkonce.armexidx.*)
 .ARM.exidx.text.unlikely._ZSt17__throw_bad_allocv
                0x10011674        0x8 c:/vsarm/armcc/102021~1.10/bin/../lib/gcc/arm-none-eabi/10.3.1/../../../../arm-none-eabi/lib/thumb/v6-m/nofp\libstdc++.a(functexcept.o)
 .ARM.exidx.text.unlikely._ZSt19__throw_logic_errorPKc
                0x1001167c        0x8 c:/vsarm/armcc/102021~1.10/bin/../lib/gcc/arm-none-eabi/10.3.1/../../../../arm-none-eabi/lib/thumb/v6-m/nofp\libstdc++.a(functexcept.o)
 .ARM.exidx.text.unlikely._ZSt20__throw_length_errorPKc
                0x10011684        0x8 c:/vsarm/armcc/102021~1.10/bin/../lib/gcc/arm-none-eabi/10.3.1/../../../../arm-none-eabi/lib/thumb/v6-m/nofp\libstdc++.a(functexcept.o)
 .ARM.exidx.text._ZNKSt9bad_alloc4whatEv
                0x1001168c        0x8 c:/vsarm/armcc/102021~1.10/bin/../lib/gcc/arm-none-eabi/10.3.1/../../../../arm-none-eabi/lib/thumb/v6-m/nofp\libstdc++.a(bad_alloc.o)
 .ARM.exidx.text._ZNSt9bad_allocD2Ev
                0x10011694        0x0 c:/vsarm/armcc/102021~1.10/bin/../lib/gcc/arm-none-eabi/10.3.1/../../../../arm-none-eabi/lib/thumb/v6-m/nofp\libstdc++.a(bad_alloc.o)
                                  0x8 (size before relaxing)
 .ARM.exidx.text._ZNSt9bad_allocD0Ev
                0x10011694        0x0 c:/vsarm/armcc/102021~1.10/bin/../lib/gcc/arm-none-eabi/10.3.1/../../../../arm-none-eabi/lib/thumb/v6-m/nofp\libstdc++.a(bad_alloc.o)
                                  0x8 (size before relaxing)
 .ARM.exidx.text._ZN12_GLOBAL__N_14pool4freeEPv.constprop.0
                0x10011694        0x0 c:/vsarm/armcc/102021~1.10/bin/../lib/gcc/arm-none-eabi/10.3.1/../../../../arm-none-eabi/lib/thumb/v6-m/nofp\libstdc++.a(eh_alloc.o)
                                  0x8 (size before relaxing)
 .ARM.exidx.text._ZN12_GLOBAL__N_14pool8allocateEj.constprop.0
                0x10011694        0x0 c:/vsarm/armcc/102021~1.10/bin/../lib/gcc/arm-none-eabi/10.3.1/../../../../arm-none-eabi/lib/thumb/v6-m/nofp\libstdc++.a(eh_alloc.o)
                                  0x8 (size before relaxing)
 .ARM.exidx.text.__cxa_allocate_exception
                0x10011694        0x0 c:/vsarm/armcc/102021~1.10/bin/../lib/gcc/arm-none-eabi/10.3.1/../../../../arm-none-eabi/lib/thumb/v6-m/nofp\libstdc++.a(eh_alloc.o)
                                  0x8 (size before relaxing)
 .ARM.exidx.text.__cxa_free_exception
                0x10011694        0x0 c:/vsarm/armcc/102021~1.10/bin/../lib/gcc/arm-none-eabi/10.3.1/../../../../arm-none-eabi/lib/thumb/v6-m/nofp\libstdc++.a(eh_alloc.o)
                                  0x8 (size before relaxing)
 .ARM.exidx.text.startup._GLOBAL__sub_I__ZN9__gnu_cxx9__freeresEv
                0x10011694        0x0 c:/vsarm/armcc/102021~1.10/bin/../lib/gcc/arm-none-eabi/10.3.1/../../../../arm-none-eabi/lib/thumb/v6-m/nofp\libstdc++.a(eh_alloc.o)
                                  0x8 (size before relaxing)
 .ARM.exidx.text.__cxa_type_match
                0x10011694        0x8 c:/vsarm/armcc/102021~1.10/bin/../lib/gcc/arm-none-eabi/10.3.1/../../../../arm-none-eabi/lib/thumb/v6-m/nofp\libstdc++.a(eh_arm.o)
 .ARM.exidx.text.__cxa_begin_cleanup
                0x1001169c        0x8 c:/vsarm/armcc/102021~1.10/bin/../lib/gcc/arm-none-eabi/10.3.1/../../../../arm-none-eabi/lib/thumb/v6-m/nofp\libstdc++.a(eh_arm.o)
 .ARM.exidx.text.__gnu_end_cleanup
                0x100116a4        0x0 c:/vsarm/armcc/102021~1.10/bin/../lib/gcc/arm-none-eabi/10.3.1/../../../../arm-none-eabi/lib/thumb/v6-m/nofp\libstdc++.a(eh_arm.o)
                                  0x8 (size before relaxing)
 .ARM.exidx.text._ZNSt9exceptionD2Ev
                0x100116a4        0x0 c:/vsarm/armcc/102021~1.10/bin/../lib/gcc/arm-none-eabi/10.3.1/../../../../arm-none-eabi/lib/thumb/v6-m/nofp\libstdc++.a(eh_exception.o)
                                  0x8 (size before relaxing)
 .ARM.exidx.text._ZNSt13bad_exceptionD2Ev
                0x100116a4        0x0 c:/vsarm/armcc/102021~1.10/bin/../lib/gcc/arm-none-eabi/10.3.1/../../../../arm-none-eabi/lib/thumb/v6-m/nofp\libstdc++.a(eh_exception.o)
                                  0x8 (size before relaxing)
 .ARM.exidx.text._ZNKSt13bad_exception4whatEv
                0x100116a4        0x0 c:/vsarm/armcc/102021~1.10/bin/../lib/gcc/arm-none-eabi/10.3.1/../../../../arm-none-eabi/lib/thumb/v6-m/nofp\libstdc++.a(eh_exception.o)
                                  0x8 (size before relaxing)
 .ARM.exidx.text._ZNSt13bad_exceptionD0Ev
                0x100116a4        0x0 c:/vsarm/armcc/102021~1.10/bin/../lib/gcc/arm-none-eabi/10.3.1/../../../../arm-none-eabi/lib/thumb/v6-m/nofp\libstdc++.a(eh_exception.o)
                                  0x8 (size before relaxing)
 .ARM.exidx.text.__cxa_get_globals_fast
                0x100116a4        0x0 c:/vsarm/armcc/102021~1.10/bin/../lib/gcc/arm-none-eabi/10.3.1/../../../../arm-none-eabi/lib/thumb/v6-m/nofp\libstdc++.a(eh_globals.o)
                                  0x8 (size before relaxing)
 .ARM.exidx.text.__cxa_get_globals
                0x100116a4        0x0 c:/vsarm/armcc/102021~1.10/bin/../lib/gcc/arm-none-eabi/10.3.1/../../../../arm-none-eabi/lib/thumb/v6-m/nofp\libstdc++.a(eh_globals.o)
                                  0x8 (size before relaxing)
 .ARM.exidx.text._ZL28read_encoded_value_with_basehjPKhPj
                0x100116a4        0x8 c:/vsarm/armcc/102021~1.10/bin/../lib/gcc/arm-none-eabi/10.3.1/../../../../arm-none-eabi/lib/thumb/v6-m/nofp\libstdc++.a(eh_personality.o)
 .ARM.exidx.text._ZL21base_of_encoded_valuehP15_Unwind_Context
                0x100116ac        0x8 c:/vsarm/armcc/102021~1.10/bin/../lib/gcc/arm-none-eabi/10.3.1/../../../../arm-none-eabi/lib/thumb/v6-m/nofp\libstdc++.a(eh_personality.o)
 .ARM.exidx.text._ZL17parse_lsda_headerP15_Unwind_ContextPKhP16lsda_header_info